=== RUN   TestChunkKeys_Empty
--- PASS: TestChunkKeys_Empty (0.00s)
=== RUN   TestChunkKeys_BelowBatchSize
--- PASS: TestChunkKeys_BelowBatchSize (0.00s)
=== RUN   TestChunkKeys_ExactBatchSize
--- PASS: TestChunkKeys_ExactBatchSize (0.00s)
=== RUN   TestChunkKeys_MultipleBatches
--- PASS: TestChunkKeys_MultipleBatches (0.00s)
=== RUN   TestChunkKeys_PreservesOrder
--- PASS: TestChunkKeys_PreservesOrder (0.00s)
=== RUN   TestChunkKeys_NegativeSize_FallsBackToDefault
--- PASS: TestChunkKeys_NegativeSize_FallsBackToDefault (0.00s)
=== RUN   TestBatchGetLedgerEntries_EmptyInput
--- PASS: TestBatchGetLedgerEntries_EmptyInput (0.00s)
=== RUN   TestBatchGetLedgerEntries_SmallFootprint
time=2026-03-27T23:41:28.788+01:00 level=INFO source=C:/Users/USER/Desktop/drips/hintents/internal/rpc/verification.go:88 msg="All ledger entries verified successfully" count=10
time=2026-03-27T23:41:28.789+01:00 level=INFO source=C:/Users/USER/Desktop/drips/hintents/internal/rpc/soroban.go:384 msg="Ledger entries fetched" total_requested=10 from_cache=0 from_rpc=10 url=http://127.0.0.1:58609
--- PASS: TestBatchGetLedgerEntries_SmallFootprint (0.01s)
=== RUN   TestBatchGetLedgerEntries_LargeFootprint
time=2026-03-27T23:41:28.791+01:00 level=INFO source=C:/Users/USER/Desktop/drips/hintents/internal/rpc/batch.go:61 msg="Batching large footprint ledger fetch" total_keys=250 batch_count=3 batch_size=100
time=2026-03-27T23:41:28.791+01:00 level=INFO source=C:/Users/USER/Desktop/drips/hintents/internal/rpc/soroban.go:198 msg="Fetching ledger entries concurrently" batch_count=2 total_keys=100
time=2026-03-27T23:41:28.792+01:00 level=INFO source=C:/Users/USER/Desktop/drips/hintents/internal/rpc/soroban.go:198 msg="Fetching ledger entries concurrently" batch_count=2 total_keys=100
time=2026-03-27T23:41:28.799+01:00 level=INFO source=C:/Users/USER/Desktop/drips/hintents/internal/rpc/verification.go:88 msg="All ledger entries verified successfully" count=50
time=2026-03-27T23:41:28.799+01:00 level=INFO source=C:/Users/USER/Desktop/drips/hintents/internal/rpc/soroban.go:384 msg="Ledger entries fetched" total_requested=50 from_cache=0 from_rpc=50 url=http://127.0.0.1:58611
time=2026-03-27T23:41:28.800+01:00 level=INFO source=C:/Users/USER/Desktop/drips/hintents/internal/rpc/verification.go:88 msg="All ledger entries verified successfully" count=50
time=2026-03-27T23:41:28.800+01:00 level=INFO source=C:/Users/USER/Desktop/drips/hintents/internal/rpc/soroban.go:384 msg="Ledger entries fetched" total_requested=50 from_cache=0 from_rpc=50 url=http://127.0.0.1:58611
time=2026-03-27T23:41:28.800+01:00 level=INFO source=C:/Users/USER/Desktop/drips/hintents/internal/rpc/soroban.go:251 msg="Concurrent ledger entry fetch completed" total_entries=100 batches=2
time=2026-03-27T23:41:28.801+01:00 level=INFO source=C:/Users/USER/Desktop/drips/hintents/internal/rpc/verification.go:88 msg="All ledger entries verified successfully" count=50
time=2026-03-27T23:41:28.801+01:00 level=INFO source=C:/Users/USER/Desktop/drips/hintents/internal/rpc/soroban.go:384 msg="Ledger entries fetched" total_requested=50 from_cache=0 from_rpc=50 url=http://127.0.0.1:58611
time=2026-03-27T23:41:28.801+01:00 level=INFO source=C:/Users/USER/Desktop/drips/hintents/internal/rpc/verification.go:88 msg="All ledger entries verified successfully" count=50
time=2026-03-27T23:41:28.801+01:00 level=INFO source=C:/Users/USER/Desktop/drips/hintents/internal/rpc/soroban.go:384 msg="Ledger entries fetched" total_requested=50 from_cache=0 from_rpc=50 url=http://127.0.0.1:58611
time=2026-03-27T23:41:28.801+01:00 level=INFO source=C:/Users/USER/Desktop/drips/hintents/internal/rpc/soroban.go:251 msg="Concurrent ledger entry fetch completed" total_entries=100 batches=2
time=2026-03-27T23:41:28.803+01:00 level=INFO source=C:/Users/USER/Desktop/drips/hintents/internal/rpc/verification.go:88 msg="All ledger entries verified successfully" count=50
time=2026-03-27T23:41:28.803+01:00 level=INFO source=C:/Users/USER/Desktop/drips/hintents/internal/rpc/soroban.go:384 msg="Ledger entries fetched" total_requested=50 from_cache=0 from_rpc=50 url=http://127.0.0.1:58611
time=2026-03-27T23:41:28.803+01:00 level=INFO source=C:/Users/USER/Desktop/drips/hintents/internal/rpc/batch.go:96 msg="Batch ledger fetch complete" total_keys=250 returned_entries=250
--- PASS: TestBatchGetLedgerEntries_LargeFootprint (0.01s)
=== RUN   TestBatchGetLedgerEntries_ExactThreshold
time=2026-03-27T23:41:28.804+01:00 level=INFO source=C:/Users/USER/Desktop/drips/hintents/internal/rpc/soroban.go:198 msg="Fetching ledger entries concurrently" batch_count=2 total_keys=100
time=2026-03-27T23:41:28.806+01:00 level=INFO source=C:/Users/USER/Desktop/drips/hintents/internal/rpc/verification.go:88 msg="All ledger entries verified successfully" count=50
time=2026-03-27T23:41:28.806+01:00 level=INFO source=C:/Users/USER/Desktop/drips/hintents/internal/rpc/soroban.go:384 msg="Ledger entries fetched" total_requested=50 from_cache=0 from_rpc=50 url=http://127.0.0.1:58617
time=2026-03-27T23:41:28.806+01:00 level=INFO source=C:/Users/USER/Desktop/drips/hintents/internal/rpc/verification.go:88 msg="All ledger entries verified successfully" count=50
time=2026-03-27T23:41:28.806+01:00 level=INFO source=C:/Users/USER/Desktop/drips/hintents/internal/rpc/soroban.go:384 msg="Ledger entries fetched" total_requested=50 from_cache=0 from_rpc=50 url=http://127.0.0.1:58617
time=2026-03-27T23:41:28.806+01:00 level=INFO source=C:/Users/USER/Desktop/drips/hintents/internal/rpc/soroban.go:251 msg="Concurrent ledger entry fetch completed" total_entries=100 batches=2
--- PASS: TestBatchGetLedgerEntries_ExactThreshold (0.00s)
=== RUN   TestBatchGetLedgerEntries_OneBeyondThreshold
time=2026-03-27T23:41:28.808+01:00 level=INFO source=C:/Users/USER/Desktop/drips/hintents/internal/rpc/batch.go:61 msg="Batching large footprint ledger fetch" total_keys=101 batch_count=2 batch_size=100
time=2026-03-27T23:41:28.808+01:00 level=INFO source=C:/Users/USER/Desktop/drips/hintents/internal/rpc/soroban.go:198 msg="Fetching ledger entries concurrently" batch_count=2 total_keys=100
time=2026-03-27T23:41:28.810+01:00 level=INFO source=C:/Users/USER/Desktop/drips/hintents/internal/rpc/verification.go:88 msg="All ledger entries verified successfully" count=1
time=2026-03-27T23:41:28.810+01:00 level=INFO source=C:/Users/USER/Desktop/drips/hintents/internal/rpc/soroban.go:384 msg="Ledger entries fetched" total_requested=1 from_cache=0 from_rpc=1 url=http://127.0.0.1:58620
time=2026-03-27T23:41:28.812+01:00 level=INFO source=C:/Users/USER/Desktop/drips/hintents/internal/rpc/verification.go:88 msg="All ledger entries verified successfully" count=50
time=2026-03-27T23:41:28.812+01:00 level=INFO source=C:/Users/USER/Desktop/drips/hintents/internal/rpc/soroban.go:384 msg="Ledger entries fetched" total_requested=50 from_cache=0 from_rpc=50 url=http://127.0.0.1:58620
time=2026-03-27T23:41:28.814+01:00 level=INFO source=C:/Users/USER/Desktop/drips/hintents/internal/rpc/verification.go:88 msg="All ledger entries verified successfully" count=50
time=2026-03-27T23:41:28.814+01:00 level=INFO source=C:/Users/USER/Desktop/drips/hintents/internal/rpc/soroban.go:384 msg="Ledger entries fetched" total_requested=50 from_cache=0 from_rpc=50 url=http://127.0.0.1:58620
time=2026-03-27T23:41:28.814+01:00 level=INFO source=C:/Users/USER/Desktop/drips/hintents/internal/rpc/soroban.go:251 msg="Concurrent ledger entry fetch completed" total_entries=100 batches=2
time=2026-03-27T23:41:28.814+01:00 level=INFO source=C:/Users/USER/Desktop/drips/hintents/internal/rpc/batch.go:96 msg="Batch ledger fetch complete" total_keys=101 returned_entries=101
--- PASS: TestBatchGetLedgerEntries_OneBeyondThreshold (0.01s)
=== RUN   TestBatchGetLedgerEntries_ServerError
time=2026-03-27T23:41:28.815+01:00 level=INFO source=C:/Users/USER/Desktop/drips/hintents/internal/rpc/batch.go:61 msg="Batching large footprint ledger fetch" total_keys=150 batch_count=2 batch_size=100
time=2026-03-27T23:41:28.815+01:00 level=INFO source=C:/Users/USER/Desktop/drips/hintents/internal/rpc/soroban.go:198 msg="Fetching ledger entries concurrently" batch_count=2 total_keys=100
time=2026-03-27T23:41:28.818+01:00 level=ERROR source=C:/Users/USER/Desktop/drips/hintents/internal/rpc/batch.go:85 msg="Batch ledger fetch failed" batch_index=0 error="failed to fetch 2/2 batches: RPC_ERROR: from http://127.0.0.1:58624: server error (code -32000)"
--- PASS: TestBatchGetLedgerEntries_ServerError (0.00s)
=== RUN   TestBatchGetLedgerEntries_ContextCancelled
time=2026-03-27T23:41:28.819+01:00 level=INFO source=C:/Users/USER/Desktop/drips/hintents/internal/rpc/batch.go:61 msg="Batching large footprint ledger fetch" total_keys=200 batch_count=2 batch_size=100
time=2026-03-27T23:41:28.819+01:00 level=INFO source=C:/Users/USER/Desktop/drips/hintents/internal/rpc/soroban.go:198 msg="Fetching ledger entries concurrently" batch_count=2 total_keys=100
time=2026-03-27T23:41:28.819+01:00 level=INFO source=C:/Users/USER/Desktop/drips/hintents/internal/rpc/soroban.go:198 msg="Fetching ledger entries concurrently" batch_count=2 total_keys=100
time=2026-03-27T23:41:28.820+01:00 level=ERROR source=C:/Users/USER/Desktop/drips/hintents/internal/rpc/batch.go:85 msg="Batch ledger fetch failed" batch_index=0 error="failed to fetch 2/2 batches: RPC_CONNECTION_FAILED: RPC connection failed: Post \"http://127.0.0.1:58628\": context canceled"
--- PASS: TestBatchGetLedgerEntries_ContextCancelled (0.00s)
=== RUN   TestBuilderCreateDefaultClient
--- PASS: TestBuilderCreateDefaultClient (0.00s)
=== RUN   TestBuilderWithNetworkTestnet
--- PASS: TestBuilderWithNetworkTestnet (0.00s)
=== RUN   TestBuilderWithNetworkFuturenet
--- PASS: TestBuilderWithNetworkFuturenet (0.00s)
=== RUN   TestBuilderWithToken
--- PASS: TestBuilderWithToken (0.00s)
=== RUN   TestBuilderWithHorizonURL
--- PASS: TestBuilderWithHorizonURL (0.00s)
=== RUN   TestBuilderWithInvalidURL
--- PASS: TestBuilderWithInvalidURL (0.00s)
=== RUN   TestBuilderWithAltURLs
--- PASS: TestBuilderWithAltURLs (0.00s)
=== RUN   TestBuilderWithNetworkConfig
--- PASS: TestBuilderWithNetworkConfig (0.00s)
=== RUN   TestBuilderWithCacheEnabled
--- PASS: TestBuilderWithCacheEnabled (0.00s)
=== RUN   TestBuilderMultipleOptions
--- PASS: TestBuilderMultipleOptions (0.00s)
=== RUN   TestDeprecatedNewClientDefault
--- PASS: TestDeprecatedNewClientDefault (0.00s)
=== RUN   TestDeprecatedNewClientWithURLOption
--- PASS: TestDeprecatedNewClientWithURLOption (0.00s)
=== RUN   TestDeprecatedNewClientWithURLsOption
--- PASS: TestDeprecatedNewClientWithURLsOption (0.00s)
=== RUN   TestDeprecatedNewCustomClient
--- PASS: TestDeprecatedNewCustomClient (0.00s)
=== RUN   TestValidateNetworkConfig_Valid
--- PASS: TestValidateNetworkConfig_Valid (0.00s)
=== RUN   TestValidateNetworkConfig_MissingName
--- PASS: TestValidateNetworkConfig_MissingName (0.00s)
=== RUN   TestValidateNetworkConfig_InvalidURL
--- PASS: TestValidateNetworkConfig_InvalidURL (0.00s)
=== RUN   TestWithNetwork
--- PASS: TestWithNetwork (0.00s)
=== RUN   TestWithToken
--- PASS: TestWithToken (0.00s)
=== RUN   TestWithHorizonURL
--- PASS: TestWithHorizonURL (0.00s)
=== RUN   TestWithInvalidHorizonURL
--- PASS: TestWithInvalidHorizonURL (0.00s)
=== RUN   TestWithAltURLs
--- PASS: TestWithAltURLs (0.00s)
=== RUN   TestWithInvalidAltURL
--- PASS: TestWithInvalidAltURL (0.00s)
=== RUN   TestWithSorobanURL
--- PASS: TestWithSorobanURL (0.00s)
=== RUN   TestWithNetworkConfig
--- PASS: TestWithNetworkConfig (0.00s)
=== RUN   TestWithInvalidNetworkConfig
--- PASS: TestWithInvalidNetworkConfig (0.00s)
=== RUN   TestWithCacheEnabled
--- PASS: TestWithCacheEnabled (0.00s)
=== RUN   TestWithHTTPClient
--- PASS: TestWithHTTPClient (0.00s)
=== RUN   TestMethodTelemetry_DefaultsToNoop
--- PASS: TestMethodTelemetry_DefaultsToNoop (0.00s)
=== RUN   TestMultipleOptions
--- PASS: TestMultipleOptions (0.00s)
=== RUN   TestDefaultNetwork
--- PASS: TestDefaultNetwork (0.00s)
=== RUN   TestDefaultHorizonURL
--- PASS: TestDefaultHorizonURL (0.00s)
=== RUN   TestDefaultSorobanURL
--- PASS: TestDefaultSorobanURL (0.00s)
=== RUN   TestWithNetworkThenConfig
--- PASS: TestWithNetworkThenConfig (0.00s)
=== RUN   TestCacheEnabledByDefault
--- PASS: TestCacheEnabledByDefault (0.00s)
=== RUN   TestMainnetDefaults
--- PASS: TestMainnetDefaults (0.00s)
=== RUN   TestTestnetDefaults
--- PASS: TestTestnetDefaults (0.00s)
=== RUN   TestFuturenetDefaults
--- PASS: TestFuturenetDefaults (0.00s)
=== RUN   TestAltURLsAsFailover
--- PASS: TestAltURLsAsFailover (0.00s)
=== RUN   TestDeprecatedNewClient
--- PASS: TestDeprecatedNewClient (0.00s)
=== RUN   TestDeprecatedNewClientWithURL
--- PASS: TestDeprecatedNewClientWithURL (0.00s)
=== RUN   TestDeprecatedNewClientWithURLs
--- PASS: TestDeprecatedNewClientWithURLs (0.00s)
=== RUN   TestLedgerKeyForContractInstance
--- PASS: TestLedgerKeyForContractInstance (0.00s)
=== RUN   TestDecodeContractID_Strkey
--- PASS: TestDecodeContractID_Strkey (0.00s)
=== RUN   TestDecodeContractID_Empty
--- PASS: TestDecodeContractID_Empty (0.00s)
=== RUN   TestDecodeContractID_InvalidHex
--- PASS: TestDecodeContractID_InvalidHex (0.00s)
=== RUN   TestDecodeContractID_WrongLengthHex
--- PASS: TestDecodeContractID_WrongLengthHex (0.00s)
=== RUN   TestContractCodeHashFromInstanceEntry_InvalidBase64
--- PASS: TestContractCodeHashFromInstanceEntry_InvalidBase64 (0.00s)
=== RUN   TestContractCodeHashFromInstanceEntry_NotContractData
--- PASS: TestContractCodeHashFromInstanceEntry_NotContractData (0.00s)
=== RUN   TestWasmBytesFromContractCodeEntry_Valid
--- PASS: TestWasmBytesFromContractCodeEntry_Valid (0.00s)
=== RUN   TestWasmBytesFromContractCodeEntry_InvalidBase64
--- PASS: TestWasmBytesFromContractCodeEntry_InvalidBase64 (0.00s)
=== RUN   TestWasmBytesFromContractCodeEntry_NotContractCode
--- PASS: TestWasmBytesFromContractCodeEntry_NotContractCode (0.00s)
=== RUN   TestCleanByFilter_NoFilter
--- PASS: TestCleanByFilter_NoFilter (0.01s)
=== RUN   TestCleanByFilter_All
time=2026-03-27T23:41:28.833+01:00 level=INFO source=C:/Users/USER/Desktop/drips/hintents/internal/rpc/cache.go:328 msg="RPC cache clean completed" entries_removed=2
--- PASS: TestCleanByFilter_All (0.00s)
=== RUN   TestCleanByFilter_ByNetwork
time=2026-03-27T23:41:28.835+01:00 level=INFO source=C:/Users/USER/Desktop/drips/hintents/internal/rpc/cache.go:328 msg="RPC cache clean completed" entries_removed=1
--- PASS: TestCleanByFilter_ByNetwork (0.00s)
=== RUN   TestCleanByFilter_ByAge
time=2026-03-27T23:41:28.837+01:00 level=INFO source=C:/Users/USER/Desktop/drips/hintents/internal/rpc/cache.go:328 msg="RPC cache clean completed" entries_removed=1
--- PASS: TestCleanByFilter_ByAge (0.00s)
=== RUN   TestCleanByFilter_ByNetworkAndAge
time=2026-03-27T23:41:28.839+01:00 level=INFO source=C:/Users/USER/Desktop/drips/hintents/internal/rpc/cache.go:328 msg="RPC cache clean completed" entries_removed=1
--- PASS: TestCleanByFilter_ByNetworkAndAge (0.00s)
=== RUN   TestFlush_NoOp
--- PASS: TestFlush_NoOp (0.00s)
=== RUN   TestLedgerKeyHashing_Deterministic
=== RUN   TestLedgerKeyHashing_Deterministic/Account_key_produces_consistent_hash
=== RUN   TestLedgerKeyHashing_Deterministic/Trustline_key_produces_consistent_hash
=== RUN   TestLedgerKeyHashing_Deterministic/Offer_key_produces_consistent_hash
=== RUN   TestLedgerKeyHashing_Deterministic/Data_key_produces_consistent_hash
=== RUN   TestLedgerKeyHashing_Deterministic/ClaimableBalance_key_produces_consistent_hash
=== RUN   TestLedgerKeyHashing_Deterministic/LiquidityPool_key_produces_consistent_hash
=== RUN   TestLedgerKeyHashing_Deterministic/ContractData_key_produces_consistent_hash
=== RUN   TestLedgerKeyHashing_Deterministic/ContractCode_key_produces_consistent_hash
=== RUN   TestLedgerKeyHashing_Deterministic/ConfigSetting_key_produces_consistent_hash
=== RUN   TestLedgerKeyHashing_Deterministic/TTL_key_produces_consistent_hash
--- PASS: TestLedgerKeyHashing_Deterministic (0.00s)
    --- PASS: TestLedgerKeyHashing_Deterministic/Account_key_produces_consistent_hash (0.00s)
    --- PASS: TestLedgerKeyHashing_Deterministic/Trustline_key_produces_consistent_hash (0.00s)
    --- PASS: TestLedgerKeyHashing_Deterministic/Offer_key_produces_consistent_hash (0.00s)
    --- PASS: TestLedgerKeyHashing_Deterministic/Data_key_produces_consistent_hash (0.00s)
    --- PASS: TestLedgerKeyHashing_Deterministic/ClaimableBalance_key_produces_consistent_hash (0.00s)
    --- PASS: TestLedgerKeyHashing_Deterministic/LiquidityPool_key_produces_consistent_hash (0.00s)
    --- PASS: TestLedgerKeyHashing_Deterministic/ContractData_key_produces_consistent_hash (0.00s)
    --- PASS: TestLedgerKeyHashing_Deterministic/ContractCode_key_produces_consistent_hash (0.00s)
    --- PASS: TestLedgerKeyHashing_Deterministic/ConfigSetting_key_produces_consistent_hash (0.00s)
    --- PASS: TestLedgerKeyHashing_Deterministic/TTL_key_produces_consistent_hash (0.00s)
=== RUN   TestLedgerKeyHashing_HashFormat
--- PASS: TestLedgerKeyHashing_HashFormat (0.00s)
=== RUN   TestLedgerKeyHashing_CollisionResistance
=== RUN   TestLedgerKeyHashing_CollisionResistance/Different_accounts_produce_different_hashes
=== RUN   TestLedgerKeyHashing_CollisionResistance/Different_trustline_assets_produce_different_hashes
=== RUN   TestLedgerKeyHashing_CollisionResistance/Sequential_offer_IDs_produce_different_hashes
=== RUN   TestLedgerKeyHashing_CollisionResistance/Different_data_names_produce_different_hashes
=== RUN   TestLedgerKeyHashing_CollisionResistance/Different_contract_data_keys_produce_different_hashes
=== RUN   TestLedgerKeyHashing_CollisionResistance/Different_key_types_produce_different_hashes
=== RUN   TestLedgerKeyHashing_CollisionResistance/Persistent_vs_Temporary_contract_data_produce_different_hashes
--- PASS: TestLedgerKeyHashing_CollisionResistance (0.00s)
    --- PASS: TestLedgerKeyHashing_CollisionResistance/Different_accounts_produce_different_hashes (0.00s)
    --- PASS: TestLedgerKeyHashing_CollisionResistance/Different_trustline_assets_produce_different_hashes (0.00s)
    --- PASS: TestLedgerKeyHashing_CollisionResistance/Sequential_offer_IDs_produce_different_hashes (0.00s)
    --- PASS: TestLedgerKeyHashing_CollisionResistance/Different_data_names_produce_different_hashes (0.00s)
    --- PASS: TestLedgerKeyHashing_CollisionResistance/Different_contract_data_keys_produce_different_hashes (0.00s)
    --- PASS: TestLedgerKeyHashing_CollisionResistance/Different_key_types_produce_different_hashes (0.00s)
    --- PASS: TestLedgerKeyHashing_CollisionResistance/Persistent_vs_Temporary_contract_data_produce_different_hashes (0.00s)
=== RUN   TestLedgerKeyHashing_EdgeCases
=== RUN   TestLedgerKeyHashing_EdgeCases/Empty_data_name
=== RUN   TestLedgerKeyHashing_EdgeCases/Maximum_length_data_name
=== RUN   TestLedgerKeyHashing_EdgeCases/All_zeros_hash_value
=== RUN   TestLedgerKeyHashing_EdgeCases/All_ones_hash_value
=== RUN   TestLedgerKeyHashing_EdgeCases/Minimum_offer_ID
=== RUN   TestLedgerKeyHashing_EdgeCases/Maximum_offer_ID
=== RUN   TestLedgerKeyHashing_EdgeCases/Different_config_setting_IDs
--- PASS: TestLedgerKeyHashing_EdgeCases (0.00s)
    --- PASS: TestLedgerKeyHashing_EdgeCases/Empty_data_name (0.00s)
    --- PASS: TestLedgerKeyHashing_EdgeCases/Maximum_length_data_name (0.00s)
    --- PASS: TestLedgerKeyHashing_EdgeCases/All_zeros_hash_value (0.00s)
    --- PASS: TestLedgerKeyHashing_EdgeCases/All_ones_hash_value (0.00s)
    --- PASS: TestLedgerKeyHashing_EdgeCases/Minimum_offer_ID (0.00s)
    --- PASS: TestLedgerKeyHashing_EdgeCases/Maximum_offer_ID (0.00s)
    --- PASS: TestLedgerKeyHashing_EdgeCases/Different_config_setting_IDs (0.00s)
=== RUN   TestLedgerKeyHashing_CrossPlatformConsistency
=== RUN   TestLedgerKeyHashing_CrossPlatformConsistency/Reference_account_key
    cache_test.go:632: Reference hash for Reference account key: 8b283a7411fb24e3540781a645517a01832265d055ba7d0ff3de20b6455c526b
=== RUN   TestLedgerKeyHashing_CrossPlatformConsistency/Reference_trustline_key_with_USDC
    cache_test.go:632: Reference hash for Reference trustline key with USDC: 9a1e801b0c33aa25fd3a13d40f2ee71ac62bafc88c2d95e520e962115d7f0515
=== RUN   TestLedgerKeyHashing_CrossPlatformConsistency/Reference_contract_data_key
    cache_test.go:632: Reference hash for Reference contract data key: 5440938817031b18a8f20ccf1cd25a15f20cccf9c9bf9488c2bce2c4652b6499
--- PASS: TestLedgerKeyHashing_CrossPlatformConsistency (0.00s)
    --- PASS: TestLedgerKeyHashing_CrossPlatformConsistency/Reference_account_key (0.00s)
    --- PASS: TestLedgerKeyHashing_CrossPlatformConsistency/Reference_trustline_key_with_USDC (0.00s)
    --- PASS: TestLedgerKeyHashing_CrossPlatformConsistency/Reference_contract_data_key (0.00s)
=== RUN   TestLedgerKeyHashing_RealisticData
=== RUN   TestLedgerKeyHashing_RealisticData/Real_Stellar_mainnet_account
    cache_test.go:660: Real account hash: edb7bae206e73f84408788a7f9ed2cc86ec31de10fc78ca2d5728651eac359dd
=== RUN   TestLedgerKeyHashing_RealisticData/USDC_trustline_on_mainnet
    cache_test.go:679: USDC trustline hash: d4e1082c85b24e7f4de76d32e6ccdfa3eb9ba47f12bf88cdd24605bb1718feff
=== RUN   TestLedgerKeyHashing_RealisticData/Native_XLM_asset_code_variations
    cache_test.go:698: Native XLM trustline hash: eb601d78ccff48a9468d80684161fb9eb7a2ec631f71fcdb8897d21253d5cf31
=== RUN   TestLedgerKeyHashing_RealisticData/Short_asset_code_(3_chars)
=== RUN   TestLedgerKeyHashing_RealisticData/Long_asset_code_(12_chars)
=== RUN   TestLedgerKeyHashing_RealisticData/Realistic_contract_ID_from_Soroban
    cache_test.go:762: Soroban contract data hash: f301082bca7864ba3648ee5477540f2c90df797073576c33921608b4074bf5b4
=== RUN   TestLedgerKeyHashing_RealisticData/Multiple_data_entries_on_same_account
--- PASS: TestLedgerKeyHashing_RealisticData (0.00s)
    --- PASS: TestLedgerKeyHashing_RealisticData/Real_Stellar_mainnet_account (0.00s)
    --- PASS: TestLedgerKeyHashing_RealisticData/USDC_trustline_on_mainnet (0.00s)
    --- PASS: TestLedgerKeyHashing_RealisticData/Native_XLM_asset_code_variations (0.00s)
    --- PASS: TestLedgerKeyHashing_RealisticData/Short_asset_code_(3_chars) (0.00s)
    --- PASS: TestLedgerKeyHashing_RealisticData/Long_asset_code_(12_chars) (0.00s)
    --- PASS: TestLedgerKeyHashing_RealisticData/Realistic_contract_ID_from_Soroban (0.00s)
    --- PASS: TestLedgerKeyHashing_RealisticData/Multiple_data_entries_on_same_account (0.00s)
=== RUN   TestCacheTTL_SetAndGet
--- PASS: TestCacheTTL_SetAndGet (0.00s)
=== RUN   TestCacheTTL_DefaultTTL
--- PASS: TestCacheTTL_DefaultTTL (0.00s)
=== RUN   TestCacheTTL_Expiration
--- PASS: TestCacheTTL_Expiration (0.15s)
=== RUN   TestCacheTTL_ZeroTTLUsesDefault
--- PASS: TestCacheTTL_ZeroTTLUsesDefault (0.00s)
=== RUN   TestCacheTTL_NegativeTTLUsesDefault
--- PASS: TestCacheTTL_NegativeTTLUsesDefault (0.00s)
=== RUN   TestCacheTTL_MultipleEntriesWithDifferentTTLs
--- PASS: TestCacheTTL_MultipleEntriesWithDifferentTTLs (0.10s)
=== RUN   TestCacheTTL_InvalidateAfterExpiry
--- PASS: TestCacheTTL_InvalidateAfterExpiry (0.10s)
=== RUN   TestCacheTTL_SetWithCustomTTL
--- PASS: TestCacheTTL_SetWithCustomTTL (0.25s)
=== RUN   TestCache_Invalidate
--- PASS: TestCache_Invalidate (0.00s)
=== RUN   TestCache_Cleanup
time=2026-03-27T23:41:29.519+01:00 level=INFO source=C:/Users/USER/Desktop/drips/hintents/internal/rpc/cache.go:263 msg="Cache cleanup completed" entries_removed=2
--- PASS: TestCache_Cleanup (0.05s)
=== RUN   TestCache_UpsertOverwrite
--- PASS: TestCache_UpsertOverwrite (0.00s)
=== RUN   TestCache_GetMissingKey
--- PASS: TestCache_GetMissingKey (0.00s)
=== RUN   TestCache_CloseAndReinit
--- PASS: TestCache_CloseAndReinit (0.00s)
=== RUN   TestIsHealthyLocked_HighConcurrency
--- PASS: TestIsHealthyLocked_HighConcurrency (0.00s)
=== RUN   TestIsHealthyLocked_CircuitBreakerSemantics
=== RUN   TestIsHealthyLocked_CircuitBreakerSemantics/healthy_when_no_failures_recorded
=== RUN   TestIsHealthyLocked_CircuitBreakerSemantics/healthy_when_failures_below_threshold
=== RUN   TestIsHealthyLocked_CircuitBreakerSemantics/unhealthy_when_failures_reach_threshold_within_window
=== RUN   TestIsHealthyLocked_CircuitBreakerSemantics/healthy_again_after_success_resets_failures
=== RUN   TestIsHealthyLocked_CircuitBreakerSemantics/healthy_again_after_circuit_timeout_elapses
--- PASS: TestIsHealthyLocked_CircuitBreakerSemantics (0.00s)
    --- PASS: TestIsHealthyLocked_CircuitBreakerSemantics/healthy_when_no_failures_recorded (0.00s)
    --- PASS: TestIsHealthyLocked_CircuitBreakerSemantics/healthy_when_failures_below_threshold (0.00s)
    --- PASS: TestIsHealthyLocked_CircuitBreakerSemantics/unhealthy_when_failures_reach_threshold_within_window (0.00s)
    --- PASS: TestIsHealthyLocked_CircuitBreakerSemantics/healthy_again_after_success_resets_failures (0.00s)
    --- PASS: TestIsHealthyLocked_CircuitBreakerSemantics/healthy_again_after_circuit_timeout_elapses (0.00s)
=== RUN   TestIsHealthyLocked_MultiURL
--- PASS: TestIsHealthyLocked_MultiURL (0.00s)
=== RUN   TestGetHealth_Success
time=2026-03-27T23:41:29.528+01:00 level=INFO source=C:/Users/USER/Desktop/drips/hintents/internal/rpc/soroban.go:625 msg="Soroban RPC health check successful" url=http://127.0.0.1:58629 status=healthy
--- PASS: TestGetHealth_Success (0.00s)
=== RUN   TestGetHealth_Error
--- PASS: TestGetHealth_Error (0.00s)
=== RUN   TestGetHealth_Failover
time=2026-03-27T23:41:29.533+01:00 level=WARN source=C:/Users/USER/Desktop/drips/hintents/internal/rpc/soroban.go:549 msg="Retrying GetHealth with fallback RPC..." error="RPC_UNMARSHAL_FAILED: unexpected end of JSON input: unexpected end of JSON input"
time=2026-03-27T23:41:29.533+01:00 level=WARN source=C:/Users/USER/Desktop/drips/hintents/internal/rpc/failover.go:170 msg="RPC failover triggered" new_url=http://127.0.0.1:58635
time=2026-03-27T23:41:29.535+01:00 level=INFO source=C:/Users/USER/Desktop/drips/hintents/internal/rpc/soroban.go:625 msg="Soroban RPC health check successful" url=http://127.0.0.1:58635 status=healthy
--- PASS: TestGetHealth_Failover (0.00s)
=== RUN   TestSimulateTransactionRetriesOnRateLimit
time=2026-03-27T23:41:29.538+01:00 level=WARN source=C:/Users/USER/Desktop/drips/hintents/internal/rpc/retry.go:235 msg="Rate limited or temporary failure, will retry" attempt=1 status_code=429 retry_after=1s
--- PASS: TestSimulateTransactionRetriesOnRateLimit (1.00s)
=== RUN   TestGetLedgerEntriesRetriesOnRateLimit
time=2026-03-27T23:41:30.541+01:00 level=WARN source=C:/Users/USER/Desktop/drips/hintents/internal/rpc/retry.go:235 msg="Rate limited or temporary failure, will retry" attempt=1 status_code=429 retry_after=1s
time=2026-03-27T23:41:31.544+01:00 level=INFO source=C:/Users/USER/Desktop/drips/hintents/internal/rpc/verification.go:88 msg="All ledger entries verified successfully" count=1
time=2026-03-27T23:41:31.544+01:00 level=INFO source=C:/Users/USER/Desktop/drips/hintents/internal/rpc/soroban.go:384 msg="Ledger entries fetched" total_requested=1 from_cache=0 from_rpc=1 url=http://127.0.0.1:58641
--- PASS: TestGetLedgerEntriesRetriesOnRateLimit (1.00s)
=== RUN   TestGetTransaction
=== RUN   TestGetTransaction/success
time=2026-03-27T23:41:31.545+01:00 level=INFO source=C:/Users/USER/Desktop/drips/hintents/internal/rpc/client.go:259 msg="Transaction fetched" hash=abc123 envelope_size=12 url=https://horizon-testnet.stellar.org
=== RUN   TestGetTransaction/error
time=2026-03-27T23:41:31.545+01:00 level=ERROR source=C:/Users/USER/Desktop/drips/hintents/internal/rpc/client.go:244 msg="Failed to fetch transaction" hash=fail error="not found" url=https://horizon-testnet.stellar.org
--- PASS: TestGetTransaction (0.00s)
    --- PASS: TestGetTransaction/success (0.00s)
    --- PASS: TestGetTransaction/error (0.00s)
=== RUN   TestGetTransaction_Timeout
time=2026-03-27T23:41:31.556+01:00 level=ERROR source=C:/Users/USER/Desktop/drips/hintents/internal/rpc/client.go:244 msg="Failed to fetch transaction" hash=timeout error="context deadline exceeded" url=https://horizon-testnet.stellar.org
--- PASS: TestGetTransaction_Timeout (0.01s)
=== RUN   TestGetLedgerEntries_WithVerification
=== RUN   TestGetLedgerEntries_WithVerification/verification_is_called_during_fetch
--- PASS: TestGetLedgerEntries_WithVerification (0.00s)
    --- PASS: TestGetLedgerEntries_WithVerification/verification_is_called_during_fetch (0.00s)
=== RUN   TestGetLedgerEntries_ResponseTooLarge
--- PASS: TestGetLedgerEntries_ResponseTooLarge (0.00s)
=== RUN   TestSimulateTransaction_ResponseTooLarge
--- PASS: TestSimulateTransaction_ResponseTooLarge (0.00s)
=== RUN   TestIsResponseTooLarge
--- PASS: TestIsResponseTooLarge (0.00s)
=== RUN   TestWithRequestTimeout_DefaultIs15s
--- PASS: TestWithRequestTimeout_DefaultIs15s (0.00s)
=== RUN   TestWithRequestTimeout_CustomValue
--- PASS: TestWithRequestTimeout_CustomValue (0.00s)
=== RUN   TestWithRequestTimeout_Zero
--- PASS: TestWithRequestTimeout_Zero (0.00s)
=== RUN   TestWithRequestTimeout_SlowConnectionValue
--- PASS: TestWithRequestTimeout_SlowConnectionValue (0.00s)
=== RUN   TestWithRequestTimeout_RespectsContextDeadline
time=2026-03-27T23:41:31.612+01:00 level=ERROR source=C:/Users/USER/Desktop/drips/hintents/internal/rpc/client.go:244 msg="Failed to fetch transaction" hash=abc123 error="Get \"http://127.0.0.1:58648/transactions/abc123\": RPC_TIMEOUT: RPC request timed out: context deadline exceeded (Client.Timeout exceeded while awaiting headers)" url=http://127.0.0.1:58648/
--- PASS: TestWithRequestTimeout_RespectsContextDeadline (0.20s)
=== RUN   TestClient_Rotation
time=2026-03-27T23:41:31.763+01:00 level=WARN source=C:/Users/USER/Desktop/drips/hintents/internal/rpc/failover.go:170 msg="RPC failover triggered" new_url=http://success2.com
time=2026-03-27T23:41:31.763+01:00 level=WARN source=C:/Users/USER/Desktop/drips/hintents/internal/rpc/failover.go:170 msg="RPC failover triggered" new_url=http://fail1.com
--- PASS: TestClient_Rotation (0.00s)
=== RUN   TestClient_GetTransaction_Failover_Logic
time=2026-03-27T23:41:46.764+01:00 level=ERROR source=C:/Users/USER/Desktop/drips/hintents/internal/rpc/client.go:244 msg="Failed to fetch transaction" hash=abc error="Get \"http://fail1.com/transactions/abc\": RPC_TIMEOUT: RPC request timed out: context deadline exceeded (Client.Timeout exceeded while awaiting headers)" url=http://fail1.com
time=2026-03-27T23:41:46.764+01:00 level=WARN source=C:/Users/USER/Desktop/drips/hintents/internal/rpc/client.go:194 msg="Retrying with fallback RPC..." error="RPC_CONNECTION_FAILED: RPC connection failed: Get \"http://fail1.com/transactions/abc\": RPC_TIMEOUT: RPC request timed out: context deadline exceeded (Client.Timeout exceeded while awaiting headers)"
time=2026-03-27T23:41:46.764+01:00 level=WARN source=C:/Users/USER/Desktop/drips/hintents/internal/rpc/failover.go:170 msg="RPC failover triggered" new_url=http://fail2.com
time=2026-03-27T23:41:47.388+01:00 level=ERROR source=C:/Users/USER/Desktop/drips/hintents/internal/rpc/client.go:244 msg="Failed to fetch transaction" hash=abc error="invalid character '<' looking for beginning of value\nerror decoding response\ngithub.com/stellar/go-stellar-sdk/support/errors.Wrap\n\tC:/Users/USER/go/pkg/mod/github.com/stellar/go-stellar-sdk@v0.1.0/support/errors/main.go:43\ngithub.com/stellar/go-stellar-sdk/clients/horizonclient.decodeResponse\n\tC:/Users/USER/go/pkg/mod/github.com/stellar/go-stellar-sdk@v0.1.0/clients/horizonclient/internal.go:49\ngithub.com/stellar/go-stellar-sdk/clients/horizonclient.(*Client).sendHTTPRequest\n\tC:/Users/USER/go/pkg/mod/github.com/stellar/go-stellar-sdk@v0.1.0/clients/horizonclient/client.go:125\ngithub.com/stellar/go-stellar-sdk/clients/horizonclient.(*Client).sendRequest\n\tC:/Users/USER/go/pkg/mod/github.com/stellar/go-stellar-sdk@v0.1.0/clients/horizonclient/client.go:34\ngithub.com/stellar/go-stellar-sdk/clients/horizonclient.(*Client).TransactionDetail\n\tC:/Users/USER/go/pkg/mod/github.com/stellar/go-stellar-sdk@v0.1.0/clients/horizonclient/client.go:639\ngithub.com/dotandev/hintents/internal/rpc.(*Client).getTransactionAttempt\n\tC:/Users/USER/Desktop/drips/hintents/internal/rpc/client.go:239\ngithub.com/dotandev/hintents/internal/rpc.(*Client).GetTransaction\n\tC:/Users/USER/Desktop/drips/hintents/internal/rpc/client.go:182\ngithub.com/dotandev/hintents/internal/rpc.TestClient_GetTransaction_Failover_Logic\n\tC:/Users/USER/Desktop/drips/hintents/internal/rpc/failover_test.go:46\ntesting.tRunner\n\tC:/Program Files/Go/src/testing/testing.go:2036\nruntime.goexit\n\tC:/Program Files/Go/src/runtime/asm_amd64.s:1771" url=http://fail2.com
--- PASS: TestClient_GetTransaction_Failover_Logic (15.63s)
=== RUN   TestFullJitterDistribution
--- PASS: TestFullJitterDistribution (0.00s)
=== RUN   TestExponentialBackoffWithJitter
--- PASS: TestExponentialBackoffWithJitter (0.00s)
=== RUN   TestJitterPreventsThunderingHerd
--- PASS: TestJitterPreventsThunderingHerd (0.00s)
=== RUN   TestJitterFractionZero
--- PASS: TestJitterFractionZero (0.00s)
=== RUN   TestRetryTransportJitter
--- PASS: TestRetryTransportJitter (0.00s)
=== RUN   TestGetLedgerEntries_EmptyKeys
--- PASS: TestGetLedgerEntries_EmptyKeys (0.00s)
=== RUN   TestGetLedgerEntries_FiveKeys
time=2026-03-27T23:41:47.393+01:00 level=INFO source=C:/Users/USER/Desktop/drips/hintents/internal/rpc/verification.go:88 msg="All ledger entries verified successfully" count=5
time=2026-03-27T23:41:47.393+01:00 level=INFO source=C:/Users/USER/Desktop/drips/hintents/internal/rpc/soroban.go:384 msg="Ledger entries fetched" total_requested=5 from_cache=0 from_rpc=5 url=http://127.0.0.1:55512
--- PASS: TestGetLedgerEntries_FiveKeys (0.00s)
=== RUN   TestGetLedgerEntries_LargeBatch
time=2026-03-27T23:41:47.394+01:00 level=INFO source=C:/Users/USER/Desktop/drips/hintents/internal/rpc/soroban.go:198 msg="Fetching ledger entries concurrently" batch_count=3 total_keys=120
time=2026-03-27T23:41:47.397+01:00 level=INFO source=C:/Users/USER/Desktop/drips/hintents/internal/rpc/verification.go:88 msg="All ledger entries verified successfully" count=50
time=2026-03-27T23:41:47.397+01:00 level=INFO source=C:/Users/USER/Desktop/drips/hintents/internal/rpc/soroban.go:384 msg="Ledger entries fetched" total_requested=50 from_cache=0 from_rpc=50 url=http://127.0.0.1:55514
time=2026-03-27T23:41:47.397+01:00 level=INFO source=C:/Users/USER/Desktop/drips/hintents/internal/rpc/verification.go:88 msg="All ledger entries verified successfully" count=50
time=2026-03-27T23:41:47.398+01:00 level=INFO source=C:/Users/USER/Desktop/drips/hintents/internal/rpc/soroban.go:384 msg="Ledger entries fetched" total_requested=50 from_cache=0 from_rpc=50 url=http://127.0.0.1:55514
time=2026-03-27T23:41:47.398+01:00 level=INFO source=C:/Users/USER/Desktop/drips/hintents/internal/rpc/verification.go:88 msg="All ledger entries verified successfully" count=20
time=2026-03-27T23:41:47.398+01:00 level=INFO source=C:/Users/USER/Desktop/drips/hintents/internal/rpc/soroban.go:384 msg="Ledger entries fetched" total_requested=20 from_cache=0 from_rpc=20 url=http://127.0.0.1:55514
time=2026-03-27T23:41:47.398+01:00 level=INFO source=C:/Users/USER/Desktop/drips/hintents/internal/rpc/soroban.go:251 msg="Concurrent ledger entry fetch completed" total_entries=120 batches=3
--- PASS: TestGetLedgerEntries_LargeBatch (0.01s)
=== RUN   TestGetLedgerEntries_ConcurrentBatches
time=2026-03-27T23:41:47.403+01:00 level=INFO source=C:/Users/USER/Desktop/drips/hintents/internal/rpc/soroban.go:198 msg="Fetching ledger entries concurrently" batch_count=3 total_keys=150
time=2026-03-27T23:41:47.457+01:00 level=INFO source=C:/Users/USER/Desktop/drips/hintents/internal/rpc/verification.go:88 msg="All ledger entries verified successfully" count=50
time=2026-03-27T23:41:47.457+01:00 level=INFO source=C:/Users/USER/Desktop/drips/hintents/internal/rpc/soroban.go:384 msg="Ledger entries fetched" total_requested=50 from_cache=0 from_rpc=50 url=http://127.0.0.1:55518
time=2026-03-27T23:41:47.457+01:00 level=INFO source=C:/Users/USER/Desktop/drips/hintents/internal/rpc/verification.go:88 msg="All ledger entries verified successfully" count=50
time=2026-03-27T23:41:47.457+01:00 level=INFO source=C:/Users/USER/Desktop/drips/hintents/internal/rpc/soroban.go:384 msg="Ledger entries fetched" total_requested=50 from_cache=0 from_rpc=50 url=http://127.0.0.1:55518
time=2026-03-27T23:41:47.458+01:00 level=INFO source=C:/Users/USER/Desktop/drips/hintents/internal/rpc/verification.go:88 msg="All ledger entries verified successfully" count=50
time=2026-03-27T23:41:47.458+01:00 level=INFO source=C:/Users/USER/Desktop/drips/hintents/internal/rpc/soroban.go:384 msg="Ledger entries fetched" total_requested=50 from_cache=0 from_rpc=50 url=http://127.0.0.1:55518
time=2026-03-27T23:41:47.458+01:00 level=INFO source=C:/Users/USER/Desktop/drips/hintents/internal/rpc/soroban.go:251 msg="Concurrent ledger entry fetch completed" total_entries=150 batches=3
--- PASS: TestGetLedgerEntries_ConcurrentBatches (0.06s)
=== RUN   TestGetLedgerEntries_TimeoutHandling
time=2026-03-27T23:41:47.459+01:00 level=INFO source=C:/Users/USER/Desktop/drips/hintents/internal/rpc/soroban.go:198 msg="Fetching ledger entries concurrently" batch_count=2 total_keys=60
--- PASS: TestGetLedgerEntries_TimeoutHandling (2.00s)
=== RUN   TestGetLedgerEntries_ErrorHandling
--- PASS: TestGetLedgerEntries_ErrorHandling (0.00s)
=== RUN   TestChunkKeys
=== RUN   TestChunkKeys/exact_multiple
=== RUN   TestChunkKeys/with_remainder
=== RUN   TestChunkKeys/less_than_batch_size
=== RUN   TestChunkKeys/empty
--- PASS: TestChunkKeys (0.00s)
    --- PASS: TestChunkKeys/exact_multiple (0.00s)
    --- PASS: TestChunkKeys/with_remainder (0.00s)
    --- PASS: TestChunkKeys/less_than_batch_size (0.00s)
    --- PASS: TestChunkKeys/empty (0.00s)
=== RUN   TestGetLedgerEntries_PartialFailure
time=2026-03-27T23:41:49.464+01:00 level=INFO source=C:/Users/USER/Desktop/drips/hintents/internal/rpc/soroban.go:198 msg="Fetching ledger entries concurrently" batch_count=3 total_keys=120
--- PASS: TestGetLedgerEntries_PartialFailure (0.00s)
=== RUN   TestGetLedgerHeader_Integration_Testnet
    ledger_integration_test.go:29: skipping live-network integration test (set ERST_RUN_INTEGRATION_TESTS=1 to enable)
--- SKIP: TestGetLedgerHeader_Integration_Testnet (0.00s)
=== RUN   TestGetLedgerHeader_Integration_FutureLedger
    ledger_integration_test.go:76: skipping live-network integration test (set ERST_RUN_INTEGRATION_TESTS=1 to enable)
--- SKIP: TestGetLedgerHeader_Integration_FutureLedger (0.00s)
=== RUN   TestGetLedgerHeader_Integration_MultipleNetworks
    ledger_integration_test.go:96: skipping live-network integration test (set ERST_RUN_INTEGRATION_TESTS=1 to enable)
--- SKIP: TestGetLedgerHeader_Integration_MultipleNetworks (0.00s)
=== RUN   TestGetLedgerHeader_Integration_RecentLedger
    ledger_integration_test.go:137: skipping live-network integration test (set ERST_RUN_INTEGRATION_TESTS=1 to enable)
--- SKIP: TestGetLedgerHeader_Integration_RecentLedger (0.00s)
=== RUN   TestEncodeLedgerKey
--- PASS: TestEncodeLedgerKey (0.00s)
=== RUN   TestEncodeLedgerEntry
--- PASS: TestEncodeLedgerEntry (0.00s)
=== RUN   TestLedgerKeyFromEntry_Account
--- PASS: TestLedgerKeyFromEntry_Account (0.00s)
=== RUN   TestLedgerKeyFromEntry_ContractData
    ledger_test.go:132: Skipping due to xdr compatibility issues with recent stellar-go version
--- SKIP: TestLedgerKeyFromEntry_ContractData (0.00s)
=== RUN   TestLedgerKeyFromEntry_ContractCodeLedger
--- PASS: TestLedgerKeyFromEntry_ContractCodeLedger (0.00s)
=== RUN   TestExtractFromChanges
--- PASS: TestExtractFromChanges (0.00s)
=== RUN   TestExtractFromChanges_MultipleTypes
--- PASS: TestExtractFromChanges_MultipleTypes (0.00s)
=== RUN   TestGetLedgerHeader_Success
time=2026-03-27T23:41:49.468+01:00 level=INFO source=C:/Users/USER/Desktop/drips/hintents/internal/rpc/client.go:353 msg="Ledger header fetched successfully" sequence=12345678 hash=abc123hash url=mock://horizon
--- PASS: TestGetLedgerHeader_Success (0.00s)
=== RUN   TestGetLedgerHeader_NotFound
time=2026-03-27T23:41:49.468+01:00 level=WARN source=C:/Users/USER/Desktop/drips/hintents/internal/rpc/client.go:368 msg="Ledger not found" sequence=999999999 status=404
--- PASS: TestGetLedgerHeader_NotFound (0.00s)
=== RUN   TestGetLedgerHeader_Archived
time=2026-03-27T23:41:49.468+01:00 level=WARN source=C:/Users/USER/Desktop/drips/hintents/internal/rpc/client.go:371 msg="Ledger archived" sequence=1 status=410
--- PASS: TestGetLedgerHeader_Archived (0.00s)
=== RUN   TestGetLedgerHeader_RateLimit
time=2026-03-27T23:41:49.468+01:00 level=WARN source=C:/Users/USER/Desktop/drips/hintents/internal/rpc/client.go:377 msg="Rate limit exceeded" sequence=12345 status=429
--- PASS: TestGetLedgerHeader_RateLimit (0.00s)
=== RUN   TestGetLedgerHeader_Timeout
time=2026-03-27T23:41:49.479+01:00 level=ERROR source=C:/Users/USER/Desktop/drips/hintents/internal/rpc/client.go:386 msg="Failed to fetch ledger" sequence=12345 error="context deadline exceeded"
--- PASS: TestGetLedgerHeader_Timeout (0.01s)
=== RUN   TestGetLedgerHeader_GenericError
time=2026-03-27T23:41:49.479+01:00 level=ERROR source=C:/Users/USER/Desktop/drips/hintents/internal/rpc/client.go:386 msg="Failed to fetch ledger" sequence=12345 error="network error"
--- PASS: TestGetLedgerHeader_GenericError (0.00s)
=== RUN   TestGetLedgerHeader_DifferentNetworks
=== RUN   TestGetLedgerHeader_DifferentNetworks/testnet
time=2026-03-27T23:41:49.480+01:00 level=INFO source=C:/Users/USER/Desktop/drips/hintents/internal/rpc/client.go:353 msg="Ledger header fetched successfully" sequence=12345 hash=test_hash url=mock://horizon
=== RUN   TestGetLedgerHeader_DifferentNetworks/mainnet
time=2026-03-27T23:41:49.480+01:00 level=INFO source=C:/Users/USER/Desktop/drips/hintents/internal/rpc/client.go:353 msg="Ledger header fetched successfully" sequence=12345 hash=test_hash url=mock://horizon
=== RUN   TestGetLedgerHeader_DifferentNetworks/futurenet
time=2026-03-27T23:41:49.480+01:00 level=INFO source=C:/Users/USER/Desktop/drips/hintents/internal/rpc/client.go:353 msg="Ledger header fetched successfully" sequence=12345 hash=test_hash url=mock://horizon
--- PASS: TestGetLedgerHeader_DifferentNetworks (0.00s)
    --- PASS: TestGetLedgerHeader_DifferentNetworks/testnet (0.00s)
    --- PASS: TestGetLedgerHeader_DifferentNetworks/mainnet (0.00s)
    --- PASS: TestGetLedgerHeader_DifferentNetworks/futurenet (0.00s)
=== RUN   TestGetLedgerHeader_ContextWithDeadline
time=2026-03-27T23:41:49.481+01:00 level=INFO source=C:/Users/USER/Desktop/drips/hintents/internal/rpc/client.go:353 msg="Ledger header fetched successfully" sequence=12345 hash=test_hash url=mock://horizon
--- PASS: TestGetLedgerHeader_ContextWithDeadline (0.00s)
=== RUN   TestGetLedgerHeader_ContextWithoutDeadline
time=2026-03-27T23:41:49.481+01:00 level=INFO source=C:/Users/USER/Desktop/drips/hintents/internal/rpc/client.go:353 msg="Ledger header fetched successfully" sequence=12345 hash=test_hash url=mock://horizon
--- PASS: TestGetLedgerHeader_ContextWithoutDeadline (0.00s)
=== RUN   TestWithMethodTelemetry
--- PASS: TestWithMethodTelemetry (0.00s)
=== RUN   TestGetTransaction_ReportsMethodTelemetry
time=2026-03-27T23:41:49.481+01:00 level=INFO source=C:/Users/USER/Desktop/drips/hintents/internal/rpc/client.go:259 msg="Transaction fetched" hash=abc123 envelope_size=3 url=https://horizon-testnet.stellar.org
--- PASS: TestGetTransaction_ReportsMethodTelemetry (0.00s)
=== RUN   TestSimulateTransaction_ReportsMethodTelemetryOnError
--- PASS: TestSimulateTransaction_ReportsMethodTelemetryOnError (0.00s)
=== RUN   TestSimulateTransaction_ReportsMethodTelemetryOnSuccess
--- PASS: TestSimulateTransaction_ReportsMethodTelemetryOnSuccess (0.00s)
=== RUN   TestMarkFailureSuccessRace
--- PASS: TestMarkFailureSuccessRace (0.00s)
=== RUN   TestMiddlewareInjection
time=2026-03-27T23:41:49.487+01:00 level=INFO source=C:/Users/USER/Desktop/drips/hintents/internal/rpc/soroban.go:625 msg="Soroban RPC health check successful" url=http://127.0.0.1:55535 status=healthy
--- PASS: TestMiddlewareInjection (0.00s)
=== RUN   TestLoggingMiddleware_SuccessfulRequest
--- PASS: TestLoggingMiddleware_SuccessfulRequest (0.00s)
=== RUN   TestLoggingMiddleware_FailedRequest
--- PASS: TestLoggingMiddleware_FailedRequest (0.00s)
=== RUN   TestLoggingMiddleware_FailedRequestWithResponse
--- PASS: TestLoggingMiddleware_FailedRequestWithResponse (0.00s)
=== RUN   TestWithLoggingEnabled_DisabledByDefault
--- PASS: TestWithLoggingEnabled_DisabledByDefault (0.00s)
=== RUN   TestMiddlewareChainOrdering
time=2026-03-27T23:41:49.493+01:00 level=INFO source=C:/Users/USER/Desktop/drips/hintents/internal/rpc/soroban.go:625 msg="Soroban RPC health check successful" url=http://127.0.0.1:55541 status=healthy
    middleware_test.go:291: 
        	Error Trace:	C:/Users/USER/Desktop/drips/hintents/internal/rpc/middleware_test.go:291
        	Error:      	Not equal: 
        	            	expected: "outer:before"
        	            	actual  : "inner:before"
        	            	
        	            	Diff:
        	            	--- Expected
        	            	+++ Actual
        	            	@@ -1 +1 @@
        	            	-outer:before
        	            	+inner:before
        	Test:       	TestMiddlewareChainOrdering
    middleware_test.go:292: 
        	Error Trace:	C:/Users/USER/Desktop/drips/hintents/internal/rpc/middleware_test.go:292
        	Error:      	Not equal: 
        	            	expected: "inner:before"
        	            	actual  : "outer:before"
        	            	
        	            	Diff:
        	            	--- Expected
        	            	+++ Actual
        	            	@@ -1 +1 @@
        	            	-inner:before
        	            	+outer:before
        	Test:       	TestMiddlewareChainOrdering
    middleware_test.go:293: 
        	Error Trace:	C:/Users/USER/Desktop/drips/hintents/internal/rpc/middleware_test.go:293
        	Error:      	Not equal: 
        	            	expected: "inner:after"
        	            	actual  : "outer:after"
        	            	
        	            	Diff:
        	            	--- Expected
        	            	+++ Actual
        	            	@@ -1 +1 @@
        	            	-inner:after
        	            	+outer:after
        	Test:       	TestMiddlewareChainOrdering
    middleware_test.go:294: 
        	Error Trace:	C:/Users/USER/Desktop/drips/hintents/internal/rpc/middleware_test.go:294
        	Error:      	Not equal: 
        	            	expected: "outer:after"
        	            	actual  : "inner:after"
        	            	
        	            	Diff:
        	            	--- Expected
        	            	+++ Actual
        	            	@@ -1 +1 @@
        	            	-outer:after
        	            	+inner:after
        	Test:       	TestMiddlewareChainOrdering
--- FAIL: TestMiddlewareChainOrdering (0.00s)
=== RUN   TestMockServer_CompleteWorkflow
--- PASS: TestMockServer_CompleteWorkflow (0.00s)
=== RUN   TestMockServer_ErrorHandlingScenarios
--- PASS: TestMockServer_ErrorHandlingScenarios (0.00s)
=== RUN   TestMockServer_DynamicRoutesManagement
--- PASS: TestMockServer_DynamicRoutesManagement (0.00s)
=== RUN   TestMockServer_RequestTrackingVerification
--- PASS: TestMockServer_RequestTrackingVerification (0.01s)
=== RUN   TestMockServer_CustomResponseHeaders
--- PASS: TestMockServer_CustomResponseHeaders (0.00s)
=== RUN   TestMockServer_OfflineTestingWorkflow
--- PASS: TestMockServer_OfflineTestingWorkflow (0.01s)
=== RUN   TestMockServer_BasicSetup
--- PASS: TestMockServer_BasicSetup (0.00s)
=== RUN   TestMockServer_NotFound
--- PASS: TestMockServer_NotFound (0.00s)
=== RUN   TestMockServer_RateLimitError
--- PASS: TestMockServer_RateLimitError (0.00s)
=== RUN   TestMockServer_ServerError
--- PASS: TestMockServer_ServerError (0.00s)
=== RUN   TestMockServer_CustomErrorRoute
--- PASS: TestMockServer_CustomErrorRoute (0.00s)
=== RUN   TestMockServer_SuccessRoute
--- PASS: TestMockServer_SuccessRoute (0.00s)
=== RUN   TestMockServer_AddRoute
--- PASS: TestMockServer_AddRoute (0.00s)
=== RUN   TestMockServer_RemoveRoute
--- PASS: TestMockServer_RemoveRoute (0.00s)
=== RUN   TestMockServer_CallCounting
--- PASS: TestMockServer_CallCounting (0.01s)
=== RUN   TestMockServer_ResetCallCounts
--- PASS: TestMockServer_ResetCallCounts (0.00s)
=== RUN   TestMockServer_CustomHeaders
--- PASS: TestMockServer_CustomHeaders (0.00s)
=== RUN   TestMockServer_MultipleEndpoints
--- PASS: TestMockServer_MultipleEndpoints (0.01s)
=== RUN   TestMockServer_ClientUsage
--- PASS: TestMockServer_ClientUsage (0.00s)
=== RUN   TestMockServer_RequestBody
--- PASS: TestMockServer_RequestBody (0.00s)
=== RUN   TestMockServer_EmptyBody
--- PASS: TestMockServer_EmptyBody (0.00s)
=== RUN   TestResolveNetwork_FoundOnMainnet
time=2026-03-27T23:41:49.565+01:00 level=ERROR source=C:/Users/USER/Desktop/drips/hintents/internal/rpc/client.go:244 msg="Failed to fetch transaction" hash=5c0a1234567890abcdef1234567890abcdef1234567890abcdef1234567890ab error="json: cannot unmarshal string into Go struct field P.status of type int\nerror decoding horizon.Problem\ngithub.com/stellar/go-stellar-sdk/support/errors.Wrap\n\tC:/Users/USER/go/pkg/mod/github.com/stellar/go-stellar-sdk@v0.1.0/support/errors/main.go:43\ngithub.com/stellar/go-stellar-sdk/clients/horizonclient.decodeResponse\n\tC:/Users/USER/go/pkg/mod/github.com/stellar/go-stellar-sdk@v0.1.0/clients/horizonclient/internal.go:43\ngithub.com/stellar/go-stellar-sdk/clients/horizonclient.(*Client).sendHTTPRequest\n\tC:/Users/USER/go/pkg/mod/github.com/stellar/go-stellar-sdk@v0.1.0/clients/horizonclient/client.go:125\ngithub.com/stellar/go-stellar-sdk/clients/horizonclient.(*Client).sendRequest\n\tC:/Users/USER/go/pkg/mod/github.com/stellar/go-stellar-sdk@v0.1.0/clients/horizonclient/client.go:34\ngithub.com/stellar/go-stellar-sdk/clients/horizonclient.(*Client).TransactionDetail\n\tC:/Users/USER/go/pkg/mod/github.com/stellar/go-stellar-sdk@v0.1.0/clients/horizonclient/client.go:639\ngithub.com/dotandev/hintents/internal/rpc.(*Client).getTransactionAttempt\n\tC:/Users/USER/Desktop/drips/hintents/internal/rpc/client.go:239\ngithub.com/dotandev/hintents/internal/rpc.(*Client).GetTransaction\n\tC:/Users/USER/Desktop/drips/hintents/internal/rpc/client.go:182\ngithub.com/dotandev/hintents/internal/rpc.resolveNetwork.func1\n\tC:/Users/USER/Desktop/drips/hintents/internal/rpc/network_probe.go:46\nruntime.goexit\n\tC:/Program Files/Go/src/runtime/asm_amd64.s:1771" url=http://127.0.0.1:55612
time=2026-03-27T23:41:49.565+01:00 level=ERROR source=C:/Users/USER/Desktop/drips/hintents/internal/rpc/client.go:244 msg="Failed to fetch transaction" hash=5c0a1234567890abcdef1234567890abcdef1234567890abcdef1234567890ab error="json: cannot unmarshal string into Go struct field P.status of type int\nerror decoding horizon.Problem\ngithub.com/stellar/go-stellar-sdk/support/errors.Wrap\n\tC:/Users/USER/go/pkg/mod/github.com/stellar/go-stellar-sdk@v0.1.0/support/errors/main.go:43\ngithub.com/stellar/go-stellar-sdk/clients/horizonclient.decodeResponse\n\tC:/Users/USER/go/pkg/mod/github.com/stellar/go-stellar-sdk@v0.1.0/clients/horizonclient/internal.go:43\ngithub.com/stellar/go-stellar-sdk/clients/horizonclient.(*Client).sendHTTPRequest\n\tC:/Users/USER/go/pkg/mod/github.com/stellar/go-stellar-sdk@v0.1.0/clients/horizonclient/client.go:125\ngithub.com/stellar/go-stellar-sdk/clients/horizonclient.(*Client).sendRequest\n\tC:/Users/USER/go/pkg/mod/github.com/stellar/go-stellar-sdk@v0.1.0/clients/horizonclient/client.go:34\ngithub.com/stellar/go-stellar-sdk/clients/horizonclient.(*Client).TransactionDetail\n\tC:/Users/USER/go/pkg/mod/github.com/stellar/go-stellar-sdk@v0.1.0/clients/horizonclient/client.go:639\ngithub.com/dotandev/hintents/internal/rpc.(*Client).getTransactionAttempt\n\tC:/Users/USER/Desktop/drips/hintents/internal/rpc/client.go:239\ngithub.com/dotandev/hintents/internal/rpc.(*Client).GetTransaction\n\tC:/Users/USER/Desktop/drips/hintents/internal/rpc/client.go:182\ngithub.com/dotandev/hintents/internal/rpc.resolveNetwork.func1\n\tC:/Users/USER/Desktop/drips/hintents/internal/rpc/network_probe.go:46\nruntime.goexit\n\tC:/Program Files/Go/src/runtime/asm_amd64.s:1771" url=http://127.0.0.1:55612
time=2026-03-27T23:41:49.566+01:00 level=INFO source=C:/Users/USER/Desktop/drips/hintents/internal/rpc/client.go:259 msg="Transaction fetched" hash=5c0a1234567890abcdef1234567890abcdef1234567890abcdef1234567890ab envelope_size=0 url=http://127.0.0.1:55611
--- PASS: TestResolveNetwork_FoundOnMainnet (0.00s)
=== RUN   TestResolveNetwork_FoundOnTestnet
time=2026-03-27T23:41:49.570+01:00 level=ERROR source=C:/Users/USER/Desktop/drips/hintents/internal/rpc/client.go:244 msg="Failed to fetch transaction" hash=5c0a1234567890abcdef1234567890abcdef1234567890abcdef1234567890ab error="json: cannot unmarshal string into Go struct field P.status of type int\nerror decoding horizon.Problem\ngithub.com/stellar/go-stellar-sdk/support/errors.Wrap\n\tC:/Users/USER/go/pkg/mod/github.com/stellar/go-stellar-sdk@v0.1.0/support/errors/main.go:43\ngithub.com/stellar/go-stellar-sdk/clients/horizonclient.decodeResponse\n\tC:/Users/USER/go/pkg/mod/github.com/stellar/go-stellar-sdk@v0.1.0/clients/horizonclient/internal.go:43\ngithub.com/stellar/go-stellar-sdk/clients/horizonclient.(*Client).sendHTTPRequest\n\tC:/Users/USER/go/pkg/mod/github.com/stellar/go-stellar-sdk@v0.1.0/clients/horizonclient/client.go:125\ngithub.com/stellar/go-stellar-sdk/clients/horizonclient.(*Client).sendRequest\n\tC:/Users/USER/go/pkg/mod/github.com/stellar/go-stellar-sdk@v0.1.0/clients/horizonclient/client.go:34\ngithub.com/stellar/go-stellar-sdk/clients/horizonclient.(*Client).TransactionDetail\n\tC:/Users/USER/go/pkg/mod/github.com/stellar/go-stellar-sdk@v0.1.0/clients/horizonclient/client.go:639\ngithub.com/dotandev/hintents/internal/rpc.(*Client).getTransactionAttempt\n\tC:/Users/USER/Desktop/drips/hintents/internal/rpc/client.go:239\ngithub.com/dotandev/hintents/internal/rpc.(*Client).GetTransaction\n\tC:/Users/USER/Desktop/drips/hintents/internal/rpc/client.go:182\ngithub.com/dotandev/hintents/internal/rpc.resolveNetwork.func1\n\tC:/Users/USER/Desktop/drips/hintents/internal/rpc/network_probe.go:46\nruntime.goexit\n\tC:/Program Files/Go/src/runtime/asm_amd64.s:1771" url=http://127.0.0.1:55617
time=2026-03-27T23:41:49.570+01:00 level=INFO source=C:/Users/USER/Desktop/drips/hintents/internal/rpc/client.go:259 msg="Transaction fetched" hash=5c0a1234567890abcdef1234567890abcdef1234567890abcdef1234567890ab envelope_size=0 url=http://127.0.0.1:55616
time=2026-03-27T23:41:49.570+01:00 level=ERROR source=C:/Users/USER/Desktop/drips/hintents/internal/rpc/client.go:244 msg="Failed to fetch transaction" hash=5c0a1234567890abcdef1234567890abcdef1234567890abcdef1234567890ab error="json: cannot unmarshal string into Go struct field P.status of type int\nerror decoding horizon.Problem\ngithub.com/stellar/go-stellar-sdk/support/errors.Wrap\n\tC:/Users/USER/go/pkg/mod/github.com/stellar/go-stellar-sdk@v0.1.0/support/errors/main.go:43\ngithub.com/stellar/go-stellar-sdk/clients/horizonclient.decodeResponse\n\tC:/Users/USER/go/pkg/mod/github.com/stellar/go-stellar-sdk@v0.1.0/clients/horizonclient/internal.go:43\ngithub.com/stellar/go-stellar-sdk/clients/horizonclient.(*Client).sendHTTPRequest\n\tC:/Users/USER/go/pkg/mod/github.com/stellar/go-stellar-sdk@v0.1.0/clients/horizonclient/client.go:125\ngithub.com/stellar/go-stellar-sdk/clients/horizonclient.(*Client).sendRequest\n\tC:/Users/USER/go/pkg/mod/github.com/stellar/go-stellar-sdk@v0.1.0/clients/horizonclient/client.go:34\ngithub.com/stellar/go-stellar-sdk/clients/horizonclient.(*Client).TransactionDetail\n\tC:/Users/USER/go/pkg/mod/github.com/stellar/go-stellar-sdk@v0.1.0/clients/horizonclient/client.go:639\ngithub.com/dotandev/hintents/internal/rpc.(*Client).getTransactionAttempt\n\tC:/Users/USER/Desktop/drips/hintents/internal/rpc/client.go:239\ngithub.com/dotandev/hintents/internal/rpc.(*Client).GetTransaction\n\tC:/Users/USER/Desktop/drips/hintents/internal/rpc/client.go:182\ngithub.com/dotandev/hintents/internal/rpc.resolveNetwork.func1\n\tC:/Users/USER/Desktop/drips/hintents/internal/rpc/network_probe.go:46\nruntime.goexit\n\tC:/Program Files/Go/src/runtime/asm_amd64.s:1771" url=http://127.0.0.1:55617
--- PASS: TestResolveNetwork_FoundOnTestnet (0.00s)
=== RUN   TestResolveNetwork_FoundOnFuturenet
time=2026-03-27T23:41:49.573+01:00 level=INFO source=C:/Users/USER/Desktop/drips/hintents/internal/rpc/client.go:259 msg="Transaction fetched" hash=5c0a1234567890abcdef1234567890abcdef1234567890abcdef1234567890ab envelope_size=0 url=http://127.0.0.1:55621
time=2026-03-27T23:41:49.573+01:00 level=ERROR source=C:/Users/USER/Desktop/drips/hintents/internal/rpc/client.go:244 msg="Failed to fetch transaction" hash=5c0a1234567890abcdef1234567890abcdef1234567890abcdef1234567890ab error="json: cannot unmarshal string into Go struct field P.status of type int\nerror decoding horizon.Problem\ngithub.com/stellar/go-stellar-sdk/support/errors.Wrap\n\tC:/Users/USER/go/pkg/mod/github.com/stellar/go-stellar-sdk@v0.1.0/support/errors/main.go:43\ngithub.com/stellar/go-stellar-sdk/clients/horizonclient.decodeResponse\n\tC:/Users/USER/go/pkg/mod/github.com/stellar/go-stellar-sdk@v0.1.0/clients/horizonclient/internal.go:43\ngithub.com/stellar/go-stellar-sdk/clients/horizonclient.(*Client).sendHTTPRequest\n\tC:/Users/USER/go/pkg/mod/github.com/stellar/go-stellar-sdk@v0.1.0/clients/horizonclient/client.go:125\ngithub.com/stellar/go-stellar-sdk/clients/horizonclient.(*Client).sendRequest\n\tC:/Users/USER/go/pkg/mod/github.com/stellar/go-stellar-sdk@v0.1.0/clients/horizonclient/client.go:34\ngithub.com/stellar/go-stellar-sdk/clients/horizonclient.(*Client).TransactionDetail\n\tC:/Users/USER/go/pkg/mod/github.com/stellar/go-stellar-sdk@v0.1.0/clients/horizonclient/client.go:639\ngithub.com/dotandev/hintents/internal/rpc.(*Client).getTransactionAttempt\n\tC:/Users/USER/Desktop/drips/hintents/internal/rpc/client.go:239\ngithub.com/dotandev/hintents/internal/rpc.(*Client).GetTransaction\n\tC:/Users/USER/Desktop/drips/hintents/internal/rpc/client.go:182\ngithub.com/dotandev/hintents/internal/rpc.resolveNetwork.func1\n\tC:/Users/USER/Desktop/drips/hintents/internal/rpc/network_probe.go:46\nruntime.goexit\n\tC:/Program Files/Go/src/runtime/asm_amd64.s:1771" url=http://127.0.0.1:55622
time=2026-03-27T23:41:49.573+01:00 level=ERROR source=C:/Users/USER/Desktop/drips/hintents/internal/rpc/client.go:244 msg="Failed to fetch transaction" hash=5c0a1234567890abcdef1234567890abcdef1234567890abcdef1234567890ab error="json: cannot unmarshal string into Go struct field P.status of type int\nerror decoding horizon.Problem\ngithub.com/stellar/go-stellar-sdk/support/errors.Wrap\n\tC:/Users/USER/go/pkg/mod/github.com/stellar/go-stellar-sdk@v0.1.0/support/errors/main.go:43\ngithub.com/stellar/go-stellar-sdk/clients/horizonclient.decodeResponse\n\tC:/Users/USER/go/pkg/mod/github.com/stellar/go-stellar-sdk@v0.1.0/clients/horizonclient/internal.go:43\ngithub.com/stellar/go-stellar-sdk/clients/horizonclient.(*Client).sendHTTPRequest\n\tC:/Users/USER/go/pkg/mod/github.com/stellar/go-stellar-sdk@v0.1.0/clients/horizonclient/client.go:125\ngithub.com/stellar/go-stellar-sdk/clients/horizonclient.(*Client).sendRequest\n\tC:/Users/USER/go/pkg/mod/github.com/stellar/go-stellar-sdk@v0.1.0/clients/horizonclient/client.go:34\ngithub.com/stellar/go-stellar-sdk/clients/horizonclient.(*Client).TransactionDetail\n\tC:/Users/USER/go/pkg/mod/github.com/stellar/go-stellar-sdk@v0.1.0/clients/horizonclient/client.go:639\ngithub.com/dotandev/hintents/internal/rpc.(*Client).getTransactionAttempt\n\tC:/Users/USER/Desktop/drips/hintents/internal/rpc/client.go:239\ngithub.com/dotandev/hintents/internal/rpc.(*Client).GetTransaction\n\tC:/Users/USER/Desktop/drips/hintents/internal/rpc/client.go:182\ngithub.com/dotandev/hintents/internal/rpc.resolveNetwork.func1\n\tC:/Users/USER/Desktop/drips/hintents/internal/rpc/network_probe.go:46\nruntime.goexit\n\tC:/Program Files/Go/src/runtime/asm_amd64.s:1771" url=http://127.0.0.1:55622
--- PASS: TestResolveNetwork_FoundOnFuturenet (0.00s)
=== RUN   TestResolveNetwork_NotFound
time=2026-03-27T23:41:49.575+01:00 level=ERROR source=C:/Users/USER/Desktop/drips/hintents/internal/rpc/client.go:244 msg="Failed to fetch transaction" hash=5c0a1234567890abcdef1234567890abcdef1234567890abcdef1234567890ab error="json: cannot unmarshal string into Go struct field P.status of type int\nerror decoding horizon.Problem\ngithub.com/stellar/go-stellar-sdk/support/errors.Wrap\n\tC:/Users/USER/go/pkg/mod/github.com/stellar/go-stellar-sdk@v0.1.0/support/errors/main.go:43\ngithub.com/stellar/go-stellar-sdk/clients/horizonclient.decodeResponse\n\tC:/Users/USER/go/pkg/mod/github.com/stellar/go-stellar-sdk@v0.1.0/clients/horizonclient/internal.go:43\ngithub.com/stellar/go-stellar-sdk/clients/horizonclient.(*Client).sendHTTPRequest\n\tC:/Users/USER/go/pkg/mod/github.com/stellar/go-stellar-sdk@v0.1.0/clients/horizonclient/client.go:125\ngithub.com/stellar/go-stellar-sdk/clients/horizonclient.(*Client).sendRequest\n\tC:/Users/USER/go/pkg/mod/github.com/stellar/go-stellar-sdk@v0.1.0/clients/horizonclient/client.go:34\ngithub.com/stellar/go-stellar-sdk/clients/horizonclient.(*Client).TransactionDetail\n\tC:/Users/USER/go/pkg/mod/github.com/stellar/go-stellar-sdk@v0.1.0/clients/horizonclient/client.go:639\ngithub.com/dotandev/hintents/internal/rpc.(*Client).getTransactionAttempt\n\tC:/Users/USER/Desktop/drips/hintents/internal/rpc/client.go:239\ngithub.com/dotandev/hintents/internal/rpc.(*Client).GetTransaction\n\tC:/Users/USER/Desktop/drips/hintents/internal/rpc/client.go:182\ngithub.com/dotandev/hintents/internal/rpc.resolveNetwork.func1\n\tC:/Users/USER/Desktop/drips/hintents/internal/rpc/network_probe.go:46\nruntime.goexit\n\tC:/Program Files/Go/src/runtime/asm_amd64.s:1771" url=http://127.0.0.1:55626
time=2026-03-27T23:41:49.575+01:00 level=ERROR source=C:/Users/USER/Desktop/drips/hintents/internal/rpc/client.go:244 msg="Failed to fetch transaction" hash=5c0a1234567890abcdef1234567890abcdef1234567890abcdef1234567890ab error="json: cannot unmarshal string into Go struct field P.status of type int\nerror decoding horizon.Problem\ngithub.com/stellar/go-stellar-sdk/support/errors.Wrap\n\tC:/Users/USER/go/pkg/mod/github.com/stellar/go-stellar-sdk@v0.1.0/support/errors/main.go:43\ngithub.com/stellar/go-stellar-sdk/clients/horizonclient.decodeResponse\n\tC:/Users/USER/go/pkg/mod/github.com/stellar/go-stellar-sdk@v0.1.0/clients/horizonclient/internal.go:43\ngithub.com/stellar/go-stellar-sdk/clients/horizonclient.(*Client).sendHTTPRequest\n\tC:/Users/USER/go/pkg/mod/github.com/stellar/go-stellar-sdk@v0.1.0/clients/horizonclient/client.go:125\ngithub.com/stellar/go-stellar-sdk/clients/horizonclient.(*Client).sendRequest\n\tC:/Users/USER/go/pkg/mod/github.com/stellar/go-stellar-sdk@v0.1.0/clients/horizonclient/client.go:34\ngithub.com/stellar/go-stellar-sdk/clients/horizonclient.(*Client).TransactionDetail\n\tC:/Users/USER/go/pkg/mod/github.com/stellar/go-stellar-sdk@v0.1.0/clients/horizonclient/client.go:639\ngithub.com/dotandev/hintents/internal/rpc.(*Client).getTransactionAttempt\n\tC:/Users/USER/Desktop/drips/hintents/internal/rpc/client.go:239\ngithub.com/dotandev/hintents/internal/rpc.(*Client).GetTransaction\n\tC:/Users/USER/Desktop/drips/hintents/internal/rpc/client.go:182\ngithub.com/dotandev/hintents/internal/rpc.resolveNetwork.func1\n\tC:/Users/USER/Desktop/drips/hintents/internal/rpc/network_probe.go:46\nruntime.goexit\n\tC:/Program Files/Go/src/runtime/asm_amd64.s:1771" url=http://127.0.0.1:55626
time=2026-03-27T23:41:49.575+01:00 level=ERROR source=C:/Users/USER/Desktop/drips/hintents/internal/rpc/client.go:244 msg="Failed to fetch transaction" hash=5c0a1234567890abcdef1234567890abcdef1234567890abcdef1234567890ab error="json: cannot unmarshal string into Go struct field P.status of type int\nerror decoding horizon.Problem\ngithub.com/stellar/go-stellar-sdk/support/errors.Wrap\n\tC:/Users/USER/go/pkg/mod/github.com/stellar/go-stellar-sdk@v0.1.0/support/errors/main.go:43\ngithub.com/stellar/go-stellar-sdk/clients/horizonclient.decodeResponse\n\tC:/Users/USER/go/pkg/mod/github.com/stellar/go-stellar-sdk@v0.1.0/clients/horizonclient/internal.go:43\ngithub.com/stellar/go-stellar-sdk/clients/horizonclient.(*Client).sendHTTPRequest\n\tC:/Users/USER/go/pkg/mod/github.com/stellar/go-stellar-sdk@v0.1.0/clients/horizonclient/client.go:125\ngithub.com/stellar/go-stellar-sdk/clients/horizonclient.(*Client).sendRequest\n\tC:/Users/USER/go/pkg/mod/github.com/stellar/go-stellar-sdk@v0.1.0/clients/horizonclient/client.go:34\ngithub.com/stellar/go-stellar-sdk/clients/horizonclient.(*Client).TransactionDetail\n\tC:/Users/USER/go/pkg/mod/github.com/stellar/go-stellar-sdk@v0.1.0/clients/horizonclient/client.go:639\ngithub.com/dotandev/hintents/internal/rpc.(*Client).getTransactionAttempt\n\tC:/Users/USER/Desktop/drips/hintents/internal/rpc/client.go:239\ngithub.com/dotandev/hintents/internal/rpc.(*Client).GetTransaction\n\tC:/Users/USER/Desktop/drips/hintents/internal/rpc/client.go:182\ngithub.com/dotandev/hintents/internal/rpc.resolveNetwork.func1\n\tC:/Users/USER/Desktop/drips/hintents/internal/rpc/network_probe.go:46\nruntime.goexit\n\tC:/Program Files/Go/src/runtime/asm_amd64.s:1771" url=http://127.0.0.1:55626
--- PASS: TestResolveNetwork_NotFound (0.00s)
=== RUN   TestResolveNetwork_ContextAlreadyCancelled
time=2026-03-27T23:41:49.578+01:00 level=ERROR source=C:/Users/USER/Desktop/drips/hintents/internal/rpc/client.go:244 msg="Failed to fetch transaction" hash=5c0a1234567890abcdef1234567890abcdef1234567890abcdef1234567890ab error="json: cannot unmarshal string into Go struct field P.status of type int\nerror decoding horizon.Problem\ngithub.com/stellar/go-stellar-sdk/support/errors.Wrap\n\tC:/Users/USER/go/pkg/mod/github.com/stellar/go-stellar-sdk@v0.1.0/support/errors/main.go:43\ngithub.com/stellar/go-stellar-sdk/clients/horizonclient.decodeResponse\n\tC:/Users/USER/go/pkg/mod/github.com/stellar/go-stellar-sdk@v0.1.0/clients/horizonclient/internal.go:43\ngithub.com/stellar/go-stellar-sdk/clients/horizonclient.(*Client).sendHTTPRequest\n\tC:/Users/USER/go/pkg/mod/github.com/stellar/go-stellar-sdk@v0.1.0/clients/horizonclient/client.go:125\ngithub.com/stellar/go-stellar-sdk/clients/horizonclient.(*Client).sendRequest\n\tC:/Users/USER/go/pkg/mod/github.com/stellar/go-stellar-sdk@v0.1.0/clients/horizonclient/client.go:34\ngithub.com/stellar/go-stellar-sdk/clients/horizonclient.(*Client).TransactionDetail\n\tC:/Users/USER/go/pkg/mod/github.com/stellar/go-stellar-sdk@v0.1.0/clients/horizonclient/client.go:639\ngithub.com/dotandev/hintents/internal/rpc.(*Client).getTransactionAttempt\n\tC:/Users/USER/Desktop/drips/hintents/internal/rpc/client.go:239\ngithub.com/dotandev/hintents/internal/rpc.(*Client).GetTransaction\n\tC:/Users/USER/Desktop/drips/hintents/internal/rpc/client.go:182\ngithub.com/dotandev/hintents/internal/rpc.resolveNetwork.func1\n\tC:/Users/USER/Desktop/drips/hintents/internal/rpc/network_probe.go:46\nruntime.goexit\n\tC:/Program Files/Go/src/runtime/asm_amd64.s:1771" url=http://127.0.0.1:55630
time=2026-03-27T23:41:49.578+01:00 level=ERROR source=C:/Users/USER/Desktop/drips/hintents/internal/rpc/client.go:244 msg="Failed to fetch transaction" hash=5c0a1234567890abcdef1234567890abcdef1234567890abcdef1234567890ab error="json: cannot unmarshal string into Go struct field P.status of type int\nerror decoding horizon.Problem\ngithub.com/stellar/go-stellar-sdk/support/errors.Wrap\n\tC:/Users/USER/go/pkg/mod/github.com/stellar/go-stellar-sdk@v0.1.0/support/errors/main.go:43\ngithub.com/stellar/go-stellar-sdk/clients/horizonclient.decodeResponse\n\tC:/Users/USER/go/pkg/mod/github.com/stellar/go-stellar-sdk@v0.1.0/clients/horizonclient/internal.go:43\ngithub.com/stellar/go-stellar-sdk/clients/horizonclient.(*Client).sendHTTPRequest\n\tC:/Users/USER/go/pkg/mod/github.com/stellar/go-stellar-sdk@v0.1.0/clients/horizonclient/client.go:125\ngithub.com/stellar/go-stellar-sdk/clients/horizonclient.(*Client).sendRequest\n\tC:/Users/USER/go/pkg/mod/github.com/stellar/go-stellar-sdk@v0.1.0/clients/horizonclient/client.go:34\ngithub.com/stellar/go-stellar-sdk/clients/horizonclient.(*Client).TransactionDetail\n\tC:/Users/USER/go/pkg/mod/github.com/stellar/go-stellar-sdk@v0.1.0/clients/horizonclient/client.go:639\ngithub.com/dotandev/hintents/internal/rpc.(*Client).getTransactionAttempt\n\tC:/Users/USER/Desktop/drips/hintents/internal/rpc/client.go:239\ngithub.com/dotandev/hintents/internal/rpc.(*Client).GetTransaction\n\tC:/Users/USER/Desktop/drips/hintents/internal/rpc/client.go:182\ngithub.com/dotandev/hintents/internal/rpc.resolveNetwork.func1\n\tC:/Users/USER/Desktop/drips/hintents/internal/rpc/network_probe.go:46\nruntime.goexit\n\tC:/Program Files/Go/src/runtime/asm_amd64.s:1771" url=http://127.0.0.1:55630
time=2026-03-27T23:41:49.578+01:00 level=ERROR source=C:/Users/USER/Desktop/drips/hintents/internal/rpc/client.go:244 msg="Failed to fetch transaction" hash=5c0a1234567890abcdef1234567890abcdef1234567890abcdef1234567890ab error="json: cannot unmarshal string into Go struct field P.status of type int\nerror decoding horizon.Problem\ngithub.com/stellar/go-stellar-sdk/support/errors.Wrap\n\tC:/Users/USER/go/pkg/mod/github.com/stellar/go-stellar-sdk@v0.1.0/support/errors/main.go:43\ngithub.com/stellar/go-stellar-sdk/clients/horizonclient.decodeResponse\n\tC:/Users/USER/go/pkg/mod/github.com/stellar/go-stellar-sdk@v0.1.0/clients/horizonclient/internal.go:43\ngithub.com/stellar/go-stellar-sdk/clients/horizonclient.(*Client).sendHTTPRequest\n\tC:/Users/USER/go/pkg/mod/github.com/stellar/go-stellar-sdk@v0.1.0/clients/horizonclient/client.go:125\ngithub.com/stellar/go-stellar-sdk/clients/horizonclient.(*Client).sendRequest\n\tC:/Users/USER/go/pkg/mod/github.com/stellar/go-stellar-sdk@v0.1.0/clients/horizonclient/client.go:34\ngithub.com/stellar/go-stellar-sdk/clients/horizonclient.(*Client).TransactionDetail\n\tC:/Users/USER/go/pkg/mod/github.com/stellar/go-stellar-sdk@v0.1.0/clients/horizonclient/client.go:639\ngithub.com/dotandev/hintents/internal/rpc.(*Client).getTransactionAttempt\n\tC:/Users/USER/Desktop/drips/hintents/internal/rpc/client.go:239\ngithub.com/dotandev/hintents/internal/rpc.(*Client).GetTransaction\n\tC:/Users/USER/Desktop/drips/hintents/internal/rpc/client.go:182\ngithub.com/dotandev/hintents/internal/rpc.resolveNetwork.func1\n\tC:/Users/USER/Desktop/drips/hintents/internal/rpc/network_probe.go:46\nruntime.goexit\n\tC:/Program Files/Go/src/runtime/asm_amd64.s:1771" url=http://127.0.0.1:55630
--- PASS: TestResolveNetwork_ContextAlreadyCancelled (0.00s)
=== RUN   TestResolveNetwork_NotFoundErrorMentionsAllNetworks
time=2026-03-27T23:41:49.580+01:00 level=ERROR source=C:/Users/USER/Desktop/drips/hintents/internal/rpc/client.go:244 msg="Failed to fetch transaction" hash=5c0a1234567890abcdef1234567890abcdef1234567890abcdef1234567890ab error="json: cannot unmarshal string into Go struct field P.status of type int\nerror decoding horizon.Problem\ngithub.com/stellar/go-stellar-sdk/support/errors.Wrap\n\tC:/Users/USER/go/pkg/mod/github.com/stellar/go-stellar-sdk@v0.1.0/support/errors/main.go:43\ngithub.com/stellar/go-stellar-sdk/clients/horizonclient.decodeResponse\n\tC:/Users/USER/go/pkg/mod/github.com/stellar/go-stellar-sdk@v0.1.0/clients/horizonclient/internal.go:43\ngithub.com/stellar/go-stellar-sdk/clients/horizonclient.(*Client).sendHTTPRequest\n\tC:/Users/USER/go/pkg/mod/github.com/stellar/go-stellar-sdk@v0.1.0/clients/horizonclient/client.go:125\ngithub.com/stellar/go-stellar-sdk/clients/horizonclient.(*Client).sendRequest\n\tC:/Users/USER/go/pkg/mod/github.com/stellar/go-stellar-sdk@v0.1.0/clients/horizonclient/client.go:34\ngithub.com/stellar/go-stellar-sdk/clients/horizonclient.(*Client).TransactionDetail\n\tC:/Users/USER/go/pkg/mod/github.com/stellar/go-stellar-sdk@v0.1.0/clients/horizonclient/client.go:639\ngithub.com/dotandev/hintents/internal/rpc.(*Client).getTransactionAttempt\n\tC:/Users/USER/Desktop/drips/hintents/internal/rpc/client.go:239\ngithub.com/dotandev/hintents/internal/rpc.(*Client).GetTransaction\n\tC:/Users/USER/Desktop/drips/hintents/internal/rpc/client.go:182\ngithub.com/dotandev/hintents/internal/rpc.resolveNetwork.func1\n\tC:/Users/USER/Desktop/drips/hintents/internal/rpc/network_probe.go:46\nruntime.goexit\n\tC:/Program Files/Go/src/runtime/asm_amd64.s:1771" url=http://127.0.0.1:55634
time=2026-03-27T23:41:49.580+01:00 level=ERROR source=C:/Users/USER/Desktop/drips/hintents/internal/rpc/client.go:244 msg="Failed to fetch transaction" hash=5c0a1234567890abcdef1234567890abcdef1234567890abcdef1234567890ab error="json: cannot unmarshal string into Go struct field P.status of type int\nerror decoding horizon.Problem\ngithub.com/stellar/go-stellar-sdk/support/errors.Wrap\n\tC:/Users/USER/go/pkg/mod/github.com/stellar/go-stellar-sdk@v0.1.0/support/errors/main.go:43\ngithub.com/stellar/go-stellar-sdk/clients/horizonclient.decodeResponse\n\tC:/Users/USER/go/pkg/mod/github.com/stellar/go-stellar-sdk@v0.1.0/clients/horizonclient/internal.go:43\ngithub.com/stellar/go-stellar-sdk/clients/horizonclient.(*Client).sendHTTPRequest\n\tC:/Users/USER/go/pkg/mod/github.com/stellar/go-stellar-sdk@v0.1.0/clients/horizonclient/client.go:125\ngithub.com/stellar/go-stellar-sdk/clients/horizonclient.(*Client).sendRequest\n\tC:/Users/USER/go/pkg/mod/github.com/stellar/go-stellar-sdk@v0.1.0/clients/horizonclient/client.go:34\ngithub.com/stellar/go-stellar-sdk/clients/horizonclient.(*Client).TransactionDetail\n\tC:/Users/USER/go/pkg/mod/github.com/stellar/go-stellar-sdk@v0.1.0/clients/horizonclient/client.go:639\ngithub.com/dotandev/hintents/internal/rpc.(*Client).getTransactionAttempt\n\tC:/Users/USER/Desktop/drips/hintents/internal/rpc/client.go:239\ngithub.com/dotandev/hintents/internal/rpc.(*Client).GetTransaction\n\tC:/Users/USER/Desktop/drips/hintents/internal/rpc/client.go:182\ngithub.com/dotandev/hintents/internal/rpc.resolveNetwork.func1\n\tC:/Users/USER/Desktop/drips/hintents/internal/rpc/network_probe.go:46\nruntime.goexit\n\tC:/Program Files/Go/src/runtime/asm_amd64.s:1771" url=http://127.0.0.1:55634
time=2026-03-27T23:41:49.580+01:00 level=ERROR source=C:/Users/USER/Desktop/drips/hintents/internal/rpc/client.go:244 msg="Failed to fetch transaction" hash=5c0a1234567890abcdef1234567890abcdef1234567890abcdef1234567890ab error="json: cannot unmarshal string into Go struct field P.status of type int\nerror decoding horizon.Problem\ngithub.com/stellar/go-stellar-sdk/support/errors.Wrap\n\tC:/Users/USER/go/pkg/mod/github.com/stellar/go-stellar-sdk@v0.1.0/support/errors/main.go:43\ngithub.com/stellar/go-stellar-sdk/clients/horizonclient.decodeResponse\n\tC:/Users/USER/go/pkg/mod/github.com/stellar/go-stellar-sdk@v0.1.0/clients/horizonclient/internal.go:43\ngithub.com/stellar/go-stellar-sdk/clients/horizonclient.(*Client).sendHTTPRequest\n\tC:/Users/USER/go/pkg/mod/github.com/stellar/go-stellar-sdk@v0.1.0/clients/horizonclient/client.go:125\ngithub.com/stellar/go-stellar-sdk/clients/horizonclient.(*Client).sendRequest\n\tC:/Users/USER/go/pkg/mod/github.com/stellar/go-stellar-sdk@v0.1.0/clients/horizonclient/client.go:34\ngithub.com/stellar/go-stellar-sdk/clients/horizonclient.(*Client).TransactionDetail\n\tC:/Users/USER/go/pkg/mod/github.com/stellar/go-stellar-sdk@v0.1.0/clients/horizonclient/client.go:639\ngithub.com/dotandev/hintents/internal/rpc.(*Client).getTransactionAttempt\n\tC:/Users/USER/Desktop/drips/hintents/internal/rpc/client.go:239\ngithub.com/dotandev/hintents/internal/rpc.(*Client).GetTransaction\n\tC:/Users/USER/Desktop/drips/hintents/internal/rpc/client.go:182\ngithub.com/dotandev/hintents/internal/rpc.resolveNetwork.func1\n\tC:/Users/USER/Desktop/drips/hintents/internal/rpc/network_probe.go:46\nruntime.goexit\n\tC:/Program Files/Go/src/runtime/asm_amd64.s:1771" url=http://127.0.0.1:55634
--- PASS: TestResolveNetwork_NotFoundErrorMentionsAllNetworks (0.00s)
=== RUN   TestDefaultRetryConfig
--- PASS: TestDefaultRetryConfig (0.00s)
=== RUN   TestRetryerSuccessFirstAttempt
--- PASS: TestRetryerSuccessFirstAttempt (0.00s)
=== RUN   TestNextBackoffJitter
--- PASS: TestNextBackoffJitter (0.00s)
=== RUN   TestRetryerOn429ThenSuccess
time=2026-03-27T23:41:49.586+01:00 level=WARN source=C:/Users/USER/Desktop/drips/hintents/internal/rpc/retry.go:89 msg="Rate limited or temporary failure, will retry" attempt=1 status_code=429 retry_after=0s
--- PASS: TestRetryerOn429ThenSuccess (0.02s)
=== RUN   TestRetryerMaxRetriesExceeded
time=2026-03-27T23:41:49.602+01:00 level=WARN source=C:/Users/USER/Desktop/drips/hintents/internal/rpc/retry.go:89 msg="Rate limited or temporary failure, will retry" attempt=1 status_code=429 retry_after=0s
time=2026-03-27T23:41:49.604+01:00 level=WARN source=C:/Users/USER/Desktop/drips/hintents/internal/rpc/retry.go:89 msg="Rate limited or temporary failure, will retry" attempt=2 status_code=429 retry_after=0s
time=2026-03-27T23:41:49.607+01:00 level=WARN source=C:/Users/USER/Desktop/drips/hintents/internal/rpc/retry.go:89 msg="Rate limited or temporary failure, will retry" attempt=3 status_code=429 retry_after=0s
--- PASS: TestRetryerMaxRetriesExceeded (0.01s)
=== RUN   TestRetryerContextCancellation
time=2026-03-27T23:41:49.608+01:00 level=WARN source=C:/Users/USER/Desktop/drips/hintents/internal/rpc/retry.go:89 msg="Rate limited or temporary failure, will retry" attempt=1 status_code=429 retry_after=0s
--- PASS: TestRetryerContextCancellation (0.01s)
=== RUN   TestRetryAfterHeader
time=2026-03-27T23:41:49.620+01:00 level=WARN source=C:/Users/USER/Desktop/drips/hintents/internal/rpc/retry.go:89 msg="Rate limited or temporary failure, will retry" attempt=1 status_code=503 retry_after=1s
time=2026-03-27T23:41:50.621+01:00 level=WARN source=C:/Users/USER/Desktop/drips/hintents/internal/rpc/retry.go:89 msg="Rate limited or temporary failure, will retry" attempt=2 status_code=503 retry_after=1s
--- PASS: TestRetryAfterHeader (1.00s)
=== RUN   TestRetryerExponentialBackoff
    retry_test.go:247: backoff progression: 2.031420546s (with jitter, checking range around 1s)
    retry_test.go:247: backoff progression: 2.645142966s (with jitter, checking range around 2s)
    retry_test.go:247: backoff progression: 5.249028955s (with jitter, checking range around 4s)
    retry_test.go:247: backoff progression: 7.263630093s (with jitter, checking range around 8s)
    retry_test.go:247: backoff progression: 7.797854389s (with jitter, checking range around 10s)
--- PASS: TestRetryerExponentialBackoff (0.00s)
=== RUN   TestRetryTransportSuccess
--- PASS: TestRetryTransportSuccess (0.00s)
=== RUN   TestRetryTransportRetry503
time=2026-03-27T23:41:50.624+01:00 level=WARN source=C:/Users/USER/Desktop/drips/hintents/internal/rpc/retry.go:235 msg="Rate limited or temporary failure, will retry" attempt=1 status_code=503 retry_after=0s
--- PASS: TestRetryTransportRetry503 (0.01s)
=== RUN   TestRetryTransportCustomStatusCodes
--- PASS: TestRetryTransportCustomStatusCodes (0.00s)
=== RUN   TestParseRetryAfterSeconds
--- PASS: TestParseRetryAfterSeconds (0.00s)
=== RUN   TestParseRetryAfterHTTPDate
--- PASS: TestParseRetryAfterHTTPDate (0.00s)
=== RUN   TestParseRetryAfterInvalid
--- PASS: TestParseRetryAfterInvalid (0.00s)
=== RUN   TestRetryerRequestBodyNotReplayed
time=2026-03-27T23:41:50.638+01:00 level=WARN source=C:/Users/USER/Desktop/drips/hintents/internal/rpc/retry.go:89 msg="Rate limited or temporary failure, will retry" attempt=1 status_code=429 retry_after=0s
--- PASS: TestRetryerRequestBodyNotReplayed (0.02s)
=== RUN   TestRetryerClonedRequest
--- PASS: TestRetryerClonedRequest (0.00s)
=== RUN   TestRetryerNilClient
--- PASS: TestRetryerNilClient (0.00s)
=== RUN   TestRetryerResponseTooLarge
--- PASS: TestRetryerResponseTooLarge (0.00s)
=== RUN   TestRetryTransportResponseTooLarge
--- PASS: TestRetryTransportResponseTooLarge (0.00s)
=== RUN   TestTxStatus_IsFinal
--- PASS: TestTxStatus_IsFinal (0.00s)
=== RUN   TestWsURLFor
--- PASS: TestWsURLFor (0.00s)
=== RUN   TestWsAcceptKey_KnownVector
--- PASS: TestWsAcceptKey_KnownVector (0.00s)
=== RUN   TestParseWSURL
--- PASS: TestParseWSURL (0.00s)
=== RUN   TestWsFrameRoundTrip
--- PASS: TestWsFrameRoundTrip (0.00s)
=== RUN   TestWsWriteFrame_CloseFrame
--- PASS: TestWsWriteFrame_CloseFrame (0.00s)
=== RUN   TestPollingStreamer_StreamsFinalStatus
--- PASS: TestPollingStreamer_StreamsFinalStatus (0.04s)
=== RUN   TestPollingStreamer_ContextCancellation
--- PASS: TestPollingStreamer_ContextCancellation (0.02s)
=== RUN   TestPollingStreamer_RPCError_Retries
time=2026-03-27T23:41:50.729+01:00 level=WARN source=C:/Users/USER/Desktop/drips/hintents/internal/rpc/txstream.go:261 msg="poll streamer: getTransaction failed" hash=abc123 error="poll: unmarshal: invalid character 'i' looking for beginning of value"
--- PASS: TestPollingStreamer_RPCError_Retries (0.02s)
=== RUN   TestWsStreamer_StreamsFinalStatus
--- PASS: TestWsStreamer_StreamsFinalStatus (0.04s)
=== RUN   TestNewTxStreamer_FallsBackToPolling_WhenNoWSServer
time=2026-03-27T23:41:50.792+01:00 level=INFO source=C:/Users/USER/Desktop/drips/hintents/internal/rpc/txstream.go:94 msg="WebSocket not supported, using JSON-RPC polling" url=http://127.0.0.1:55673
--- PASS: TestNewTxStreamer_FallsBackToPolling_WhenNoWSServer (0.00s)
=== RUN   TestNewTxStreamer_PrefersWebSocket_WhenSupportedByServer
time=2026-03-27T23:41:50.794+01:00 level=INFO source=C:/Users/USER/Desktop/drips/hintents/internal/rpc/txstream.go:90 msg="WebSocket streaming enabled" url=ws://127.0.0.1:55675
--- PASS: TestNewTxStreamer_PrefersWebSocket_WhenSupportedByServer (0.00s)
=== RUN   TestProbeWebSocket_ReturnsFalseForHTTPOnlyServer
--- PASS: TestProbeWebSocket_ReturnsFalseForHTTPOnlyServer (0.00s)
=== RUN   TestProbeWebSocket_ReturnsTrueForWSServer
--- PASS: TestProbeWebSocket_ReturnsTrueForWSServer (0.00s)
=== RUN   TestWsDialUpgrade_FailsForUnreachableHost
--- PASS: TestWsDialUpgrade_FailsForUnreachableHost (0.00s)
=== RUN   TestWsGenKey_AreUnique
--- PASS: TestWsGenKey_AreUnique (0.00s)
=== RUN   TestScValToGoValue_Void
--- PASS: TestScValToGoValue_Void (0.00s)
=== RUN   TestScValToGoValue_BoolTrue
--- PASS: TestScValToGoValue_BoolTrue (0.00s)
=== RUN   TestScValToGoValue_BoolFalse
--- PASS: TestScValToGoValue_BoolFalse (0.00s)
=== RUN   TestScValToGoValue_U32
--- PASS: TestScValToGoValue_U32 (0.00s)
=== RUN   TestScValToGoValue_U32_Max
--- PASS: TestScValToGoValue_U32_Max (0.00s)
=== RUN   TestScValToGoValue_I32_Negative
--- PASS: TestScValToGoValue_I32_Negative (0.00s)
=== RUN   TestScValToGoValue_I32_Min
--- PASS: TestScValToGoValue_I32_Min (0.00s)
=== RUN   TestScValToGoValue_U64
--- PASS: TestScValToGoValue_U64 (0.00s)
=== RUN   TestScValToGoValue_I64_Negative
--- PASS: TestScValToGoValue_I64_Negative (0.00s)
=== RUN   TestScValToGoValue_Timepoint
--- PASS: TestScValToGoValue_Timepoint (0.00s)
=== RUN   TestScValToGoValue_Duration
--- PASS: TestScValToGoValue_Duration (0.00s)
=== RUN   TestScValToGoValue_U128_Zero
--- PASS: TestScValToGoValue_U128_Zero (0.00s)
=== RUN   TestScValToGoValue_U128_Max
--- PASS: TestScValToGoValue_U128_Max (0.00s)
=== RUN   TestScValToGoValue_I128_NegativeOne
--- PASS: TestScValToGoValue_I128_NegativeOne (0.00s)
=== RUN   TestScValToGoValue_I128_MinValue
--- PASS: TestScValToGoValue_I128_MinValue (0.00s)
=== RUN   TestScValToGoValue_I128_Positive
--- PASS: TestScValToGoValue_I128_Positive (0.00s)
=== RUN   TestScValToGoValue_U256_Zero
--- PASS: TestScValToGoValue_U256_Zero (0.00s)
=== RUN   TestScValToGoValue_U256_Max
--- PASS: TestScValToGoValue_U256_Max (0.00s)
=== RUN   TestScValToGoValue_I256_NegativeOne
--- PASS: TestScValToGoValue_I256_NegativeOne (0.00s)
=== RUN   TestScValToGoValue_I256_MinValue
--- PASS: TestScValToGoValue_I256_MinValue (0.00s)
=== RUN   TestScValToGoValue_Bytes
--- PASS: TestScValToGoValue_Bytes (0.00s)
=== RUN   TestScValToGoValue_Bytes_Empty
--- PASS: TestScValToGoValue_Bytes_Empty (0.00s)
=== RUN   TestScValToGoValue_String
--- PASS: TestScValToGoValue_String (0.00s)
=== RUN   TestScValToGoValue_Symbol
--- PASS: TestScValToGoValue_Symbol (0.00s)
=== RUN   TestScValToGoValue_Vec_Empty
--- PASS: TestScValToGoValue_Vec_Empty (0.00s)
=== RUN   TestScValToGoValue_Vec_Primitives
--- PASS: TestScValToGoValue_Vec_Primitives (0.00s)
=== RUN   TestScValToGoValue_Vec_DeeplyNested
--- PASS: TestScValToGoValue_Vec_DeeplyNested (0.00s)
=== RUN   TestScValToGoValue_Map_Empty
--- PASS: TestScValToGoValue_Map_Empty (0.00s)
=== RUN   TestScValToGoValue_Map_Entries
--- PASS: TestScValToGoValue_Map_Entries (0.00s)
=== RUN   TestScValToGoValue_Map_OrderPreserved
--- PASS: TestScValToGoValue_Map_OrderPreserved (0.00s)
=== RUN   TestScValToGoValue_Error
--- PASS: TestScValToGoValue_Error (0.00s)
=== RUN   TestScValToGoValue_LedgerKeyContractInstance
--- PASS: TestScValToGoValue_LedgerKeyContractInstance (0.00s)
=== RUN   TestScValToGoValue_LedgerKeyNonce
--- PASS: TestScValToGoValue_LedgerKeyNonce (0.00s)
=== RUN   TestScValToGoValue_ContractInstance_Wasm
--- PASS: TestScValToGoValue_ContractInstance_Wasm (0.00s)
=== RUN   TestScValToGoValue_ContractInstance_StellarAsset
--- PASS: TestScValToGoValue_ContractInstance_StellarAsset (0.00s)
=== RUN   TestScValToGoValue_ContractInstance_WithStorage
--- PASS: TestScValToGoValue_ContractInstance_WithStorage (0.00s)
=== RUN   TestScValToGoValue_ContractInstance_Nil
--- PASS: TestScValToGoValue_ContractInstance_Nil (0.00s)
=== RUN   TestScValToGoValue_ContractInstance_UnsupportedExecutable
--- PASS: TestScValToGoValue_ContractInstance_UnsupportedExecutable (0.00s)
=== RUN   TestScValToGoValue_Address_UnsupportedType
--- PASS: TestScValToGoValue_Address_UnsupportedType (0.00s)
=== RUN   TestScValToGoValue_Vec_ErrorPropagation
--- PASS: TestScValToGoValue_Vec_ErrorPropagation (0.00s)
=== RUN   TestScValToGoValue_Map_ErrorPropagation
--- PASS: TestScValToGoValue_Map_ErrorPropagation (0.00s)
=== RUN   TestScValToGoValue_Map_ErrorPropagation_Value
--- PASS: TestScValToGoValue_Map_ErrorPropagation_Value (0.00s)
=== RUN   TestScValToGoValue_NilBool
--- PASS: TestScValToGoValue_NilBool (0.00s)
=== RUN   TestScValToGoValue_NilU32
--- PASS: TestScValToGoValue_NilU32 (0.00s)
=== RUN   TestScValToGoValue_NilI32
--- PASS: TestScValToGoValue_NilI32 (0.00s)
=== RUN   TestScValToGoValue_NilU64
--- PASS: TestScValToGoValue_NilU64 (0.00s)
=== RUN   TestScValToGoValue_NilI64
--- PASS: TestScValToGoValue_NilI64 (0.00s)
=== RUN   TestScValToGoValue_NilU128
--- PASS: TestScValToGoValue_NilU128 (0.00s)
=== RUN   TestScValToGoValue_NilI128
--- PASS: TestScValToGoValue_NilI128 (0.00s)
=== RUN   TestScValToGoValue_NilU256
--- PASS: TestScValToGoValue_NilU256 (0.00s)
=== RUN   TestScValToGoValue_NilI256
--- PASS: TestScValToGoValue_NilI256 (0.00s)
=== RUN   TestScValToGoValue_NilBytes
--- PASS: TestScValToGoValue_NilBytes (0.00s)
=== RUN   TestScValToGoValue_NilString
--- PASS: TestScValToGoValue_NilString (0.00s)
=== RUN   TestScValToGoValue_NilSymbol
--- PASS: TestScValToGoValue_NilSymbol (0.00s)
=== RUN   TestScValToGoValue_NilVec
--- PASS: TestScValToGoValue_NilVec (0.00s)
=== RUN   TestScValToGoValue_NilMap
--- PASS: TestScValToGoValue_NilMap (0.00s)
=== RUN   TestScValToGoValue_NilNonce
--- PASS: TestScValToGoValue_NilNonce (0.00s)
=== RUN   TestScValToGoValue_Address_Account
--- PASS: TestScValToGoValue_Address_Account (0.00s)
=== RUN   TestScValToGoValue_Address_Nil
--- PASS: TestScValToGoValue_Address_Nil (0.00s)
=== RUN   TestScValToGoValue_Error_ContractCode
--- PASS: TestScValToGoValue_Error_ContractCode (0.00s)
=== RUN   TestScValToGoValue_Error_Nil
--- PASS: TestScValToGoValue_Error_Nil (0.00s)
=== RUN   TestScValToGoValue_Error_NilCode
--- PASS: TestScValToGoValue_Error_NilCode (0.00s)
=== RUN   TestScValToGoValue_UnsupportedType
--- PASS: TestScValToGoValue_UnsupportedType (0.00s)
=== RUN   TestProp_IntegerPrimitiveIdentity
    types_test.go:727: [rapid] OK, passed 100 tests (554.8┬╡s)
--- PASS: TestProp_IntegerPrimitiveIdentity (0.00s)
=== RUN   TestProp_U128RoundTrip
    types_test.go:763: [rapid] OK, passed 100 tests (552.7┬╡s)
--- PASS: TestProp_U128RoundTrip (0.00s)
=== RUN   TestProp_I128RoundTrip
    types_test.go:785: [rapid] OK, passed 100 tests (0s)
--- PASS: TestProp_I128RoundTrip (0.00s)
=== RUN   TestProp_U256RoundTrip
    types_test.go:807: [rapid] OK, passed 100 tests (546.5┬╡s)
--- PASS: TestProp_U256RoundTrip (0.00s)
=== RUN   TestProp_I256RoundTrip
    types_test.go:838: [rapid] OK, passed 100 tests (1.1332ms)
--- PASS: TestProp_I256RoundTrip (0.00s)
=== RUN   TestProp_BytesRoundTrip
    types_test.go:869: [rapid] OK, passed 100 tests (564.9┬╡s)
--- PASS: TestProp_BytesRoundTrip (0.00s)
=== RUN   TestProp_StringSymbolRoundTrip
    types_test.go:883: [rapid] OK, passed 100 tests (602.8┬╡s)
--- PASS: TestProp_StringSymbolRoundTrip (0.00s)
=== RUN   TestProp_VecElementConversion
    types_test.go:910: [rapid] OK, passed 100 tests (1.598ms)
--- PASS: TestProp_VecElementConversion (0.00s)
=== RUN   TestProp_MapRoundTrip
    types_test.go:944: [rapid] OK, passed 100 tests (2.3233ms)
--- PASS: TestProp_MapRoundTrip (0.00s)
=== RUN   TestProp_NonceIdentity
    types_test.go:971: [rapid] OK, passed 100 tests (551.9┬╡s)
--- PASS: TestProp_NonceIdentity (0.00s)
=== RUN   TestIsValidURL_ValidURLs
=== RUN   TestIsValidURL_ValidURLs/https://horizon.stellar.org
=== RUN   TestIsValidURL_ValidURLs/https://horizon-testnet.stellar.org/
=== RUN   TestIsValidURL_ValidURLs/http://localhost:8000
=== RUN   TestIsValidURL_ValidURLs/https://soroban-testnet.stellar.org:443
=== RUN   TestIsValidURL_ValidURLs/http://192.168.1.1:8080
--- PASS: TestIsValidURL_ValidURLs (0.00s)
    --- PASS: TestIsValidURL_ValidURLs/https://horizon.stellar.org (0.00s)
    --- PASS: TestIsValidURL_ValidURLs/https://horizon-testnet.stellar.org/ (0.00s)
    --- PASS: TestIsValidURL_ValidURLs/http://localhost:8000 (0.00s)
    --- PASS: TestIsValidURL_ValidURLs/https://soroban-testnet.stellar.org:443 (0.00s)
    --- PASS: TestIsValidURL_ValidURLs/http://192.168.1.1:8080 (0.00s)
=== RUN   TestIsValidURL_InvalidURLs
=== RUN   TestIsValidURL_InvalidURLs/empty_URL
=== RUN   TestIsValidURL_InvalidURLs/no_scheme
=== RUN   TestIsValidURL_InvalidURLs/invalid_scheme
=== RUN   TestIsValidURL_InvalidURLs/no_host
=== RUN   TestIsValidURL_InvalidURLs/malformed
=== RUN   TestIsValidURL_InvalidURLs/only_path
--- PASS: TestIsValidURL_InvalidURLs (0.00s)
    --- PASS: TestIsValidURL_InvalidURLs/empty_URL (0.00s)
    --- PASS: TestIsValidURL_InvalidURLs/no_scheme (0.00s)
    --- PASS: TestIsValidURL_InvalidURLs/invalid_scheme (0.00s)
    --- PASS: TestIsValidURL_InvalidURLs/no_host (0.00s)
    --- PASS: TestIsValidURL_InvalidURLs/malformed (0.00s)
    --- PASS: TestIsValidURL_InvalidURLs/only_path (0.00s)
=== RUN   TestValidateNetworkConfig_ValidWithOnlyHorizonURL
--- PASS: TestValidateNetworkConfig_ValidWithOnlyHorizonURL (0.00s)
=== RUN   TestValidateNetworkConfig_ValidWithOnlySorobanURL
--- PASS: TestValidateNetworkConfig_ValidWithOnlySorobanURL (0.00s)
=== RUN   TestValidateNetworkConfig_MissingPassphrase
--- PASS: TestValidateNetworkConfig_MissingPassphrase (0.00s)
=== RUN   TestValidateNetworkConfig_NoURLs
--- PASS: TestValidateNetworkConfig_NoURLs (0.00s)
=== RUN   TestValidateNetworkConfig_InvalidHorizonURL
--- PASS: TestValidateNetworkConfig_InvalidHorizonURL (0.00s)
=== RUN   TestValidateNetworkConfig_InvalidSorobanURL
--- PASS: TestValidateNetworkConfig_InvalidSorobanURL (0.00s)
=== RUN   TestValidateNetworkConfig_Testnet
--- PASS: TestValidateNetworkConfig_Testnet (0.00s)
=== RUN   TestValidateNetworkConfig_Mainnet
--- PASS: TestValidateNetworkConfig_Mainnet (0.00s)
=== RUN   TestValidateNetworkConfig_Futurenet
--- PASS: TestValidateNetworkConfig_Futurenet (0.00s)
=== RUN   TestValidateTransactionHash
=== RUN   TestValidateTransactionHash/valid_lowercase_hash
=== RUN   TestValidateTransactionHash/valid_uppercase_hash
=== RUN   TestValidateTransactionHash/valid_mixed_case_hash
=== RUN   TestValidateTransactionHash/invalid_length_-_too_short
=== RUN   TestValidateTransactionHash/invalid_length_-_too_long
=== RUN   TestValidateTransactionHash/invalid_characters
=== RUN   TestValidateTransactionHash/empty_string
--- PASS: TestValidateTransactionHash (0.00s)
    --- PASS: TestValidateTransactionHash/valid_lowercase_hash (0.00s)
    --- PASS: TestValidateTransactionHash/valid_uppercase_hash (0.00s)
    --- PASS: TestValidateTransactionHash/valid_mixed_case_hash (0.00s)
    --- PASS: TestValidateTransactionHash/invalid_length_-_too_short (0.00s)
    --- PASS: TestValidateTransactionHash/invalid_length_-_too_long (0.00s)
    --- PASS: TestValidateTransactionHash/invalid_characters (0.00s)
    --- PASS: TestValidateTransactionHash/empty_string (0.00s)
=== RUN   TestVerifyLedgerEntryHash_ValidKey
--- PASS: TestVerifyLedgerEntryHash_ValidKey (0.00s)
=== RUN   TestVerifyLedgerEntryHash_KeyMismatch
--- PASS: TestVerifyLedgerEntryHash_KeyMismatch (0.00s)
=== RUN   TestVerifyLedgerEntryHash_InvalidBase64
--- PASS: TestVerifyLedgerEntryHash_InvalidBase64 (0.00s)
=== RUN   TestVerifyLedgerEntryHash_InvalidXDR
--- PASS: TestVerifyLedgerEntryHash_InvalidXDR (0.00s)
=== RUN   TestVerifyLedgerEntries_AllValid
time=2026-03-27T23:41:50.811+01:00 level=INFO source=C:/Users/USER/Desktop/drips/hintents/internal/rpc/verification.go:88 msg="All ledger entries verified successfully" count=3
--- PASS: TestVerifyLedgerEntries_AllValid (0.00s)
=== RUN   TestVerifyLedgerEntries_MissingKey
--- PASS: TestVerifyLedgerEntries_MissingKey (0.00s)
=== RUN   TestVerifyLedgerEntries_EmptyRequest
--- PASS: TestVerifyLedgerEntries_EmptyRequest (0.00s)
=== RUN   TestVerifyLedgerEntries_NilMap
--- PASS: TestVerifyLedgerEntries_NilMap (0.00s)
=== RUN   TestVerifyLedgerEntryHash_DifferentKeyTypes
=== RUN   TestVerifyLedgerEntryHash_DifferentKeyTypes/Account_key
=== RUN   TestVerifyLedgerEntryHash_DifferentKeyTypes/ContractCode_key
--- PASS: TestVerifyLedgerEntryHash_DifferentKeyTypes (0.00s)
    --- PASS: TestVerifyLedgerEntryHash_DifferentKeyTypes/Account_key (0.00s)
    --- PASS: TestVerifyLedgerEntryHash_DifferentKeyTypes/ContractCode_key (0.00s)
=== RUN   TestVerifyLedgerEntries_LargeSet
time=2026-03-27T23:41:50.812+01:00 level=INFO source=C:/Users/USER/Desktop/drips/hintents/internal/rpc/verification.go:88 msg="All ledger entries verified successfully" count=100
--- PASS: TestVerifyLedgerEntries_LargeSet (0.00s)
=== RUN   TestVerifyLedgerEntryHash_EmptyKey
--- PASS: TestVerifyLedgerEntryHash_EmptyKey (0.00s)
=== RUN   TestVerifyLedgerEntryHash_WhitespaceKey
--- PASS: TestVerifyLedgerEntryHash_WhitespaceKey (0.00s)
FAIL
FAIL	github.com/dotandev/hintents/internal/rpc	22.411s
FAIL
